Clipping input data to the valid range for imshow with RGB data ([0..1] for floats or [0..255] for integers). Got range [-61.197372..1.4311174].
Current device: cuda
Using learning rate: 0.001, hidden dim: 512
Training CCVAE with latent dim: 10
used numbers: [0, 1, 2, 3, 4, 5, 6, 7, 8, 9]
epochs : 200
Epoch 0/200:
--------
Negative ELBO: 218.8275 | Recon Loss: 218.8275 | KL: 44.6000
Negative ELBO: 190.8480 | Recon Loss: 190.8480 | KL: 32.3642
Epoch 1/200:
--------
Negative ELBO: 191.0567 | Recon Loss: 191.0567 | KL: 30.4404
Epoch 2/200:
--------
Negative ELBO: 190.6212 | Recon Loss: 190.6212 | KL: 29.3566
Epoch 3/200:
--------
Negative ELBO: 190.4182 | Recon Loss: 190.4182 | KL: 28.7067
Epoch 4/200:
--------
Negative ELBO: 190.4672 | Recon Loss: 190.4672 | KL: 28.5032
Epoch 5/200:
--------
Negative ELBO: 190.2801 | Recon Loss: 190.2801 | KL: 28.3676
Negative ELBO: 189.7144 | Recon Loss: 189.7144 | KL: 28.4002
Epoch 6/200:
--------
Negative ELBO: 190.0716 | Recon Loss: 190.0716 | KL: 28.2439
Epoch 7/200:
--------
Negative ELBO: 189.4841 | Recon Loss: 189.4841 | KL: 29.0026
Epoch 8/200:
--------
Negative ELBO: 187.8446 | Recon Loss: 187.8446 | KL: 29.4911
Epoch 9/200:
--------
Negative ELBO: 187.3798 | Recon Loss: 187.3798 | KL: 29.3755
Epoch 10/200:
--------
Negative ELBO: 187.4047 | Recon Loss: 187.4047 | KL: 29.3202
Negative ELBO: 186.1663 | Recon Loss: 186.1663 | KL: 29.3980
Epoch 11/200:
--------
Negative ELBO: 187.2142 | Recon Loss: 187.2142 | KL: 29.2652
Epoch 12/200:
--------
Negative ELBO: 187.2993 | Recon Loss: 187.2993 | KL: 29.2211
Epoch 13/200:
--------
Negative ELBO: 187.1753 | Recon Loss: 187.1753 | KL: 29.2102
Epoch 14/200:
--------
Negative ELBO: 187.2612 | Recon Loss: 187.2612 | KL: 29.2393
Epoch 15/200:
--------
Negative ELBO: 187.1512 | Recon Loss: 187.1512 | KL: 29.1913
Negative ELBO: 186.4118 | Recon Loss: 186.4118 | KL: 29.1590
Epoch 16/200:
--------
Negative ELBO: 187.0919 | Recon Loss: 187.0919 | KL: 29.1312
Epoch 17/200:
--------
Negative ELBO: 187.1100 | Recon Loss: 187.1100 | KL: 29.0942
Epoch 18/200:
--------
Negative ELBO: 187.0625 | Recon Loss: 187.0625 | KL: 29.1069
Epoch 19/200:
--------
Negative ELBO: 186.9708 | Recon Loss: 186.9708 | KL: 29.1582
Epoch 20/200:
--------
Negative ELBO: 187.2564 | Recon Loss: 187.2564 | KL: 29.0762
Negative ELBO: 186.3761 | Recon Loss: 186.3761 | KL: 29.0445
Epoch 21/200:
--------
Negative ELBO: 187.1873 | Recon Loss: 187.1146 | KL: 29.0514
Epoch 22/200:
--------
Negative ELBO: 187.1608 | Recon Loss: 187.0154 | KL: 29.0854
Epoch 23/200:
--------
Negative ELBO: 187.1410 | Recon Loss: 186.9236 | KL: 28.9825
Epoch 24/200:
--------
Negative ELBO: 187.2835 | Recon Loss: 186.9935 | KL: 28.9981
Epoch 25/200:
--------
Negative ELBO: 187.4754 | Recon Loss: 187.1132 | KL: 28.9748
Negative ELBO: 186.8668 | Recon Loss: 186.5061 | KL: 28.8541
Epoch 26/200:
--------
Negative ELBO: 187.4647 | Recon Loss: 187.0315 | KL: 28.8810
Epoch 27/200:
--------
Negative ELBO: 187.6156 | Recon Loss: 187.1106 | KL: 28.8569
Epoch 28/200:
--------
Negative ELBO: 187.7052 | Recon Loss: 187.1282 | KL: 28.8474
Epoch 29/200:
--------
Negative ELBO: 187.5854 | Recon Loss: 186.9361 | KL: 28.8570
Epoch 30/200:
--------
Negative ELBO: 187.6811 | Recon Loss: 186.9607 | KL: 28.8147
Negative ELBO: 187.3796 | Recon Loss: 186.6604 | KL: 28.7667
Epoch 31/200:
--------
Negative ELBO: 187.7762 | Recon Loss: 186.9858 | KL: 28.7441
Epoch 32/200:
--------
Negative ELBO: 187.8469 | Recon Loss: 186.9843 | KL: 28.7533
Epoch 33/200:
--------
Negative ELBO: 187.9452 | Recon Loss: 187.0112 | KL: 28.7388
Epoch 34/200:
--------
Negative ELBO: 187.9049 | Recon Loss: 186.8974 | KL: 28.7858
Epoch 35/200:
--------
Negative ELBO: 187.9880 | Recon Loss: 186.9096 | KL: 28.7567
Negative ELBO: 187.5323 | Recon Loss: 186.4531 | KL: 28.7797
Epoch 36/200:
--------
Negative ELBO: 188.0487 | Recon Loss: 186.8988 | KL: 28.7467
Epoch 37/200:
--------
Negative ELBO: 188.2729 | Recon Loss: 187.0538 | KL: 28.6851
Epoch 38/200:
--------
Negative ELBO: 188.1548 | Recon Loss: 186.8655 | KL: 28.6522
Epoch 39/200:
--------
Negative ELBO: 188.2251 | Recon Loss: 186.8653 | KL: 28.6262
Epoch 40/200:
--------
Negative ELBO: 188.3929 | Recon Loss: 186.9618 | KL: 28.6224
Negative ELBO: 187.5949 | Recon Loss: 186.1657 | KL: 28.5826
Epoch 41/200:
--------
Negative ELBO: 188.2077 | Recon Loss: 186.7059 | KL: 28.6066
Epoch 42/200:
--------
Negative ELBO: 188.2187 | Recon Loss: 186.6452 | KL: 28.6079
Epoch 43/200:
--------
Negative ELBO: 188.4837 | Recon Loss: 186.8441 | KL: 28.5148
Epoch 44/200:
--------
Negative ELBO: 188.4938 | Recon Loss: 186.7828 | KL: 28.5174
Epoch 45/200:
--------
Negative ELBO: 188.6311 | Recon Loss: 186.8503 | KL: 28.4932
Negative ELBO: 188.0497 | Recon Loss: 186.2716 | KL: 28.4493
Epoch 46/200:
--------
Negative ELBO: 188.6670 | Recon Loss: 186.8164 | KL: 28.4709
Epoch 47/200:
--------
Negative ELBO: 188.7711 | Recon Loss: 186.8508 | KL: 28.4493
Epoch 48/200:
--------
Negative ELBO: 188.7847 | Recon Loss: 186.7917 | KL: 28.4715
Epoch 49/200:
--------
Negative ELBO: 188.8368 | Recon Loss: 186.7744 | KL: 28.4461
Epoch 50/200:
--------
Negative ELBO: 188.9024 | Recon Loss: 186.7713 | KL: 28.4142
Negative ELBO: 188.0493 | Recon Loss: 185.9083 | KL: 28.5463
Epoch 51/200:
--------
Negative ELBO: 188.9894 | Recon Loss: 186.7853 | KL: 28.4407
Epoch 52/200:
--------
Negative ELBO: 189.0456 | Recon Loss: 186.7743 | KL: 28.3913
Epoch 53/200:
--------
Negative ELBO: 189.1544 | Recon Loss: 186.8154 | KL: 28.3516
Epoch 54/200:
--------
Negative ELBO: 189.0994 | Recon Loss: 186.6883 | KL: 28.3659
Epoch 55/200:
--------
Negative ELBO: 189.5002 | Recon Loss: 187.0235 | KL: 28.3049
Negative ELBO: 188.7409 | Recon Loss: 186.2578 | KL: 28.3784
Epoch 56/200:
--------
Negative ELBO: 189.4146 | Recon Loss: 186.8650 | KL: 28.3285
Epoch 57/200:
--------
Negative ELBO: 189.4307 | Recon Loss: 186.8120 | KL: 28.3101
Epoch 58/200:
--------
Negative ELBO: 189.5093 | Recon Loss: 186.8275 | KL: 28.2302
Epoch 59/200:
--------
Negative ELBO: 189.5803 | Recon Loss: 186.8220 | KL: 28.2912
Epoch 60/200:
--------
Negative ELBO: 189.8028 | Recon Loss: 186.9723 | KL: 28.3052
Negative ELBO: 189.1290 | Recon Loss: 186.3053 | KL: 28.2374
Epoch 61/200:
--------
Negative ELBO: 189.5392 | Recon Loss: 186.7126 | KL: 28.2663
Epoch 62/200:
--------
Negative ELBO: 189.6910 | Recon Loss: 186.8730 | KL: 28.1806
Epoch 63/200:
--------
Negative ELBO: 189.8167 | Recon Loss: 186.9938 | KL: 28.2289
Epoch 64/200:
--------
Negative ELBO: 189.7206 | Recon Loss: 186.8962 | KL: 28.2440
Epoch 65/200:
--------
Negative ELBO: 189.6598 | Recon Loss: 186.8397 | KL: 28.2010
Negative ELBO: 188.7216 | Recon Loss: 185.8959 | KL: 28.2578
Epoch 66/200:
--------
Negative ELBO: 189.6322 | Recon Loss: 186.8119 | KL: 28.2026
Epoch 67/200:
--------
Negative ELBO: 189.6145 | Recon Loss: 186.7925 | KL: 28.2193
Epoch 68/200:
--------
Negative ELBO: 189.7495 | Recon Loss: 186.9342 | KL: 28.1530
Epoch 69/200:
--------
Negative ELBO: 189.4670 | Recon Loss: 186.6494 | KL: 28.1757
Epoch 70/200:
--------
Negative ELBO: 189.7467 | Recon Loss: 186.9235 | KL: 28.2319
Negative ELBO: 189.0392 | Recon Loss: 186.2197 | KL: 28.1944
Epoch 71/200:
--------
Negative ELBO: 189.6774 | Recon Loss: 186.8654 | KL: 28.1197
Epoch 72/200:
--------
Negative ELBO: 189.6540 | Recon Loss: 186.8418 | KL: 28.1224
Epoch 73/200:
--------
Negative ELBO: 189.5927 | Recon Loss: 186.7765 | KL: 28.1618
Epoch 74/200:
--------
Negative ELBO: 189.6684 | Recon Loss: 186.8552 | KL: 28.1327
Epoch 75/200:
--------
Negative ELBO: 189.6945 | Recon Loss: 186.8785 | KL: 28.1599
Negative ELBO: 188.8383 | Recon Loss: 186.0144 | KL: 28.2387
Epoch 76/200:
--------
Negative ELBO: 189.5468 | Recon Loss: 186.7321 | KL: 28.1477
Epoch 77/200:
--------
Negative ELBO: 189.4745 | Recon Loss: 186.6639 | KL: 28.1054
Epoch 78/200:
--------
Negative ELBO: 189.5977 | Recon Loss: 186.7846 | KL: 28.1310
Epoch 79/200:
--------
Negative ELBO: 189.7726 | Recon Loss: 186.9639 | KL: 28.0869
Epoch 80/200:
--------
Negative ELBO: 189.6076 | Recon Loss: 186.7993 | KL: 28.0829
Negative ELBO: 188.8407 | Recon Loss: 186.0314 | KL: 28.0936
Epoch 81/200:
--------
Negative ELBO: 189.8048 | Recon Loss: 186.9986 | KL: 28.0619
Epoch 82/200:
--------
Negative ELBO: 189.4270 | Recon Loss: 186.6210 | KL: 28.0603
Epoch 83/200:
--------
Negative ELBO: 189.5286 | Recon Loss: 186.7211 | KL: 28.0749
Epoch 84/200:
--------
Negative ELBO: 189.6984 | Recon Loss: 186.8948 | KL: 28.0358
Epoch 85/200:
--------
Negative ELBO: 189.7325 | Recon Loss: 186.9258 | KL: 28.0672
Negative ELBO: 188.9816 | Recon Loss: 186.1747 | KL: 28.0693
Epoch 86/200:
--------
Negative ELBO: 189.3790 | Recon Loss: 186.5729 | KL: 28.0604
Epoch 87/200:
--------
Negative ELBO: 189.7152 | Recon Loss: 186.9113 | KL: 28.0391
Epoch 88/200:
--------
Negative ELBO: 189.5441 | Recon Loss: 186.7397 | KL: 28.0437
Epoch 89/200:
--------
Negative ELBO: 189.6516 | Recon Loss: 186.8466 | KL: 28.0499
Epoch 90/200:
--------
Negative ELBO: 189.6848 | Recon Loss: 186.8815 | KL: 28.0327
Negative ELBO: 188.7840 | Recon Loss: 185.9791 | KL: 28.0489
Epoch 91/200:
--------
Negative ELBO: 189.6567 | Recon Loss: 186.8565 | KL: 28.0017
Epoch 92/200:
--------
Negative ELBO: 189.5794 | Recon Loss: 186.7814 | KL: 27.9798
Epoch 93/200:
--------
Negative ELBO: 189.6193 | Recon Loss: 186.8159 | KL: 28.0337
Epoch 94/200:
--------
Negative ELBO: 189.5934 | Recon Loss: 186.7920 | KL: 28.0142
Epoch 95/200:
--------
Negative ELBO: 189.6152 | Recon Loss: 186.8202 | KL: 27.9500
Negative ELBO: 189.0174 | Recon Loss: 186.2162 | KL: 28.0118
Epoch 96/200:
--------
Negative ELBO: 189.5731 | Recon Loss: 186.7745 | KL: 27.9857
Epoch 97/200:
--------
Negative ELBO: 189.6816 | Recon Loss: 186.8801 | KL: 28.0158
Epoch 98/200:
--------
Negative ELBO: 189.5737 | Recon Loss: 186.7758 | KL: 27.9786
Epoch 99/200:
--------
Negative ELBO: 189.6010 | Recon Loss: 186.8008 | KL: 28.0017
Epoch 100/200:
--------
Negative ELBO: 189.4971 | Recon Loss: 186.6966 | KL: 28.0052
Negative ELBO: 188.9816 | Recon Loss: 186.1637 | KL: 28.1785
Epoch 101/200:
--------
Negative ELBO: 189.6083 | Recon Loss: 186.8087 | KL: 27.9958
Epoch 102/200:
--------
Negative ELBO: 189.5352 | Recon Loss: 186.7368 | KL: 27.9845
Epoch 103/200:
--------
Negative ELBO: 189.5855 | Recon Loss: 186.7906 | KL: 27.9483
Epoch 104/200:
--------
Negative ELBO: 189.6046 | Recon Loss: 186.8051 | KL: 27.9949
Epoch 105/200:
--------
Negative ELBO: 189.6796 | Recon Loss: 186.8836 | KL: 27.9595
Negative ELBO: 189.1073 | Recon Loss: 186.3083 | KL: 27.9898
Epoch 106/200:
--------
Negative ELBO: 189.4769 | Recon Loss: 186.6850 | KL: 27.9190
Epoch 107/200:
--------
Negative ELBO: 189.6831 | Recon Loss: 186.8940 | KL: 27.8902
Epoch 108/200:
--------
Negative ELBO: 189.5723 | Recon Loss: 186.7811 | KL: 27.9114
Epoch 109/200:
--------
Negative ELBO: 189.6408 | Recon Loss: 186.8512 | KL: 27.8961
Epoch 110/200:
--------
Negative ELBO: 189.5262 | Recon Loss: 186.7403 | KL: 27.8587
Negative ELBO: 189.2452 | Recon Loss: 186.4624 | KL: 27.8285
Epoch 111/200:
--------
Negative ELBO: 189.5612 | Recon Loss: 186.7764 | KL: 27.8471
Epoch 112/200:
--------
Negative ELBO: 189.6221 | Recon Loss: 186.8352 | KL: 27.8687
Epoch 113/200:
--------
Negative ELBO: 189.5643 | Recon Loss: 186.7733 | KL: 27.9103
Epoch 114/200:
--------
Negative ELBO: 189.5723 | Recon Loss: 186.7824 | KL: 27.8990
Epoch 115/200:
--------
Negative ELBO: 189.6259 | Recon Loss: 186.8286 | KL: 27.9727
Negative ELBO: 189.1626 | Recon Loss: 186.3634 | KL: 27.9915
Epoch 116/200:
--------
Negative ELBO: 189.6452 | Recon Loss: 186.8450 | KL: 28.0018
Epoch 117/200:
--------
Negative ELBO: 189.4970 | Recon Loss: 186.7035 | KL: 27.9355
Epoch 118/200:
--------
Negative ELBO: 189.4440 | Recon Loss: 186.6514 | KL: 27.9254
Epoch 119/200:
--------
Negative ELBO: 189.5556 | Recon Loss: 186.7588 | KL: 27.9682
Epoch 120/200:
--------
Negative ELBO: 189.5331 | Recon Loss: 186.7357 | KL: 27.9738
Negative ELBO: 188.9082 | Recon Loss: 186.1098 | KL: 27.9840
Epoch 121/200:
--------
Negative ELBO: 189.5763 | Recon Loss: 186.7802 | KL: 27.9613
Epoch 122/200:
--------
Negative ELBO: 189.6460 | Recon Loss: 186.8543 | KL: 27.9169
Epoch 123/200:
--------
Negative ELBO: 189.4739 | Recon Loss: 186.6814 | KL: 27.9249
Epoch 124/200:
--------
Negative ELBO: 189.6448 | Recon Loss: 186.8533 | KL: 27.9148
Epoch 125/200:
--------
Negative ELBO: 189.5762 | Recon Loss: 186.7869 | KL: 27.8925
Negative ELBO: 188.8008 | Recon Loss: 186.0157 | KL: 27.8505
Epoch 126/200:
--------
Negative ELBO: 189.5475 | Recon Loss: 186.7622 | KL: 27.8530
Epoch 127/200:
--------
Negative ELBO: 189.6538 | Recon Loss: 186.8680 | KL: 27.8579
Epoch 128/200:
--------
Negative ELBO: 189.5251 | Recon Loss: 186.7355 | KL: 27.8962
Epoch 129/200:
--------
Negative ELBO: 189.5157 | Recon Loss: 186.7231 | KL: 27.9256
Epoch 130/200:
--------
Negative ELBO: 189.5361 | Recon Loss: 186.7468 | KL: 27.8932
Negative ELBO: 189.1779 | Recon Loss: 186.3910 | KL: 27.8691
Epoch 131/200:
--------
Negative ELBO: 189.5834 | Recon Loss: 186.7911 | KL: 27.9233
Epoch 132/200:
--------
Negative ELBO: 189.5206 | Recon Loss: 186.7249 | KL: 27.9570
Epoch 133/200:
--------
Negative ELBO: 189.7392 | Recon Loss: 186.9466 | KL: 27.9258
Epoch 134/200:
--------
Negative ELBO: 189.6225 | Recon Loss: 186.8308 | KL: 27.9169
Epoch 135/200:
--------
Negative ELBO: 189.5682 | Recon Loss: 186.7759 | KL: 27.9229
Negative ELBO: 188.9133 | Recon Loss: 186.1124 | KL: 28.0092
Epoch 136/200:
--------
Negative ELBO: 189.5494 | Recon Loss: 186.7521 | KL: 27.9735
Epoch 137/200:
--------
Negative ELBO: 189.6819 | Recon Loss: 186.8883 | KL: 27.9355
Epoch 138/200:
--------
Negative ELBO: 189.4675 | Recon Loss: 186.6737 | KL: 27.9388
Epoch 139/200:
--------
Negative ELBO: 189.5729 | Recon Loss: 186.7816 | KL: 27.9126
Epoch 140/200:
--------
Negative ELBO: 189.5419 | Recon Loss: 186.7538 | KL: 27.8811
Negative ELBO: 188.5699 | Recon Loss: 185.7917 | KL: 27.7821
Epoch 141/200:
--------
Negative ELBO: 189.6897 | Recon Loss: 186.9113 | KL: 27.7846
Epoch 142/200:
--------
Negative ELBO: 189.4389 | Recon Loss: 186.6503 | KL: 27.8862
Epoch 143/200:
--------
Negative ELBO: 189.5496 | Recon Loss: 186.7637 | KL: 27.8588
Epoch 144/200:
--------
Negative ELBO: 189.4874 | Recon Loss: 186.7027 | KL: 27.8466
Epoch 145/200:
--------
Negative ELBO: 189.5680 | Recon Loss: 186.7791 | KL: 27.8894
Negative ELBO: 188.8087 | Recon Loss: 186.0122 | KL: 27.9649
Epoch 146/200:
--------
Negative ELBO: 189.6637 | Recon Loss: 186.8771 | KL: 27.8658
Epoch 147/200:
--------
Negative ELBO: 189.5914 | Recon Loss: 186.8046 | KL: 27.8685
Epoch 148/200:
--------
Negative ELBO: 189.5201 | Recon Loss: 186.7339 | KL: 27.8614
Epoch 149/200:
--------
Negative ELBO: 189.6728 | Recon Loss: 186.8884 | KL: 27.8443
Epoch 150/200:
--------
Negative ELBO: 189.5116 | Recon Loss: 186.7286 | KL: 27.8299
Negative ELBO: 188.9470 | Recon Loss: 186.1677 | KL: 27.7929
Epoch 151/200:
--------
Negative ELBO: 189.5669 | Recon Loss: 186.7828 | KL: 27.8408
Epoch 152/200:
--------
Negative ELBO: 189.4804 | Recon Loss: 186.6928 | KL: 27.8768
Epoch 153/200:
--------
Negative ELBO: 189.6043 | Recon Loss: 186.8179 | KL: 27.8637
Epoch 154/200:
--------
Negative ELBO: 189.6538 | Recon Loss: 186.8645 | KL: 27.8933
Epoch 155/200:
--------
Negative ELBO: 189.4202 | Recon Loss: 186.6266 | KL: 27.9360
Negative ELBO: 189.3095 | Recon Loss: 186.5104 | KL: 27.9909
Epoch 156/200:
--------
Negative ELBO: 189.5856 | Recon Loss: 186.7947 | KL: 27.9082
Epoch 157/200:
--------
Negative ELBO: 189.5418 | Recon Loss: 186.7602 | KL: 27.8162
Epoch 158/200:
--------
Negative ELBO: 189.7122 | Recon Loss: 186.9315 | KL: 27.8073
Epoch 159/200:
--------
Negative ELBO: 189.4734 | Recon Loss: 186.6906 | KL: 27.8290
Epoch 160/200:
--------
Negative ELBO: 189.5120 | Recon Loss: 186.7272 | KL: 27.8478
Negative ELBO: 188.8237 | Recon Loss: 186.0352 | KL: 27.8849
Epoch 161/200:
--------
Negative ELBO: 189.6042 | Recon Loss: 186.8157 | KL: 27.8847
Epoch 162/200:
--------
Negative ELBO: 189.5984 | Recon Loss: 186.8109 | KL: 27.8752
Epoch 163/200:
--------
Negative ELBO: 189.4456 | Recon Loss: 186.6595 | KL: 27.8611
Epoch 164/200:
--------
Negative ELBO: 189.5507 | Recon Loss: 186.7657 | KL: 27.8495
Epoch 165/200:
--------
Negative ELBO: 189.5382 | Recon Loss: 186.7553 | KL: 27.8288
Negative ELBO: 188.9279 | Recon Loss: 186.1356 | KL: 27.9229
Epoch 166/200:
--------
Negative ELBO: 189.6400 | Recon Loss: 186.8557 | KL: 27.8424
Epoch 167/200:
--------
Negative ELBO: 189.5996 | Recon Loss: 186.8186 | KL: 27.8102
Epoch 168/200:
--------
Negative ELBO: 189.4128 | Recon Loss: 186.6257 | KL: 27.8712
Epoch 169/200:
--------
Negative ELBO: 189.5475 | Recon Loss: 186.7667 | KL: 27.8079
Epoch 170/200:
--------
Negative ELBO: 189.5203 | Recon Loss: 186.7413 | KL: 27.7900
Negative ELBO: 188.5439 | Recon Loss: 185.7621 | KL: 27.8184
Epoch 171/200:
--------
Negative ELBO: 189.6365 | Recon Loss: 186.8548 | KL: 27.8174
Epoch 172/200:
--------
Negative ELBO: 189.5104 | Recon Loss: 186.7333 | KL: 27.7707
Epoch 173/200:
--------
Negative ELBO: 189.6520 | Recon Loss: 186.8729 | KL: 27.7910
Epoch 174/200:
--------
Negative ELBO: 189.6089 | Recon Loss: 186.8306 | KL: 27.7833
Epoch 175/200:
--------
Negative ELBO: 189.5076 | Recon Loss: 186.7288 | KL: 27.7882
Negative ELBO: 188.8120 | Recon Loss: 186.0242 | KL: 27.8780
Epoch 176/200:
--------
Negative ELBO: 189.5279 | Recon Loss: 186.7427 | KL: 27.8515
Epoch 177/200:
--------
Negative ELBO: 189.3792 | Recon Loss: 186.5954 | KL: 27.8379
Epoch 178/200:
--------
Negative ELBO: 189.4352 | Recon Loss: 186.6509 | KL: 27.8436
Epoch 179/200:
--------
Negative ELBO: 189.5265 | Recon Loss: 186.7473 | KL: 27.7918
Epoch 180/200:
--------
Negative ELBO: 189.5259 | Recon Loss: 186.7491 | KL: 27.7672
Negative ELBO: 188.8466 | Recon Loss: 186.0748 | KL: 27.7183
Epoch 181/200:
--------
Negative ELBO: 189.5480 | Recon Loss: 186.7723 | KL: 27.7563
Epoch 182/200:
--------
Negative ELBO: 189.3629 | Recon Loss: 186.5893 | KL: 27.7361
Epoch 183/200:
--------
Negative ELBO: 189.5091 | Recon Loss: 186.7345 | KL: 27.7458
Epoch 184/200:
--------
Negative ELBO: 189.5248 | Recon Loss: 186.7457 | KL: 27.7918
Epoch 185/200:
--------
Negative ELBO: 189.6276 | Recon Loss: 186.8454 | KL: 27.8224
Negative ELBO: 188.8714 | Recon Loss: 186.0864 | KL: 27.8503
Epoch 186/200:
--------
Negative ELBO: 189.5617 | Recon Loss: 186.7770 | KL: 27.8466
Epoch 187/200:
--------
Negative ELBO: 189.6219 | Recon Loss: 186.8442 | KL: 27.7766
Epoch 188/200:
--------
Negative ELBO: 189.7077 | Recon Loss: 186.9314 | KL: 27.7632
Epoch 189/200:
--------
Negative ELBO: 189.5751 | Recon Loss: 186.7971 | KL: 27.7797
Epoch 190/200:
--------
Negative ELBO: 189.3723 | Recon Loss: 186.5952 | KL: 27.7709
Negative ELBO: 189.1349 | Recon Loss: 186.3502 | KL: 27.8469
Epoch 191/200:
--------
Negative ELBO: 189.5148 | Recon Loss: 186.7306 | KL: 27.8412
Epoch 192/200:
--------
Negative ELBO: 189.5483 | Recon Loss: 186.7662 | KL: 27.8207
Epoch 193/200:
--------
Negative ELBO: 189.6021 | Recon Loss: 186.8210 | KL: 27.8108
Epoch 194/200:
--------
Negative ELBO: 189.4603 | Recon Loss: 186.6761 | KL: 27.8420
Epoch 195/200:
--------
Negative ELBO: 189.6868 | Recon Loss: 186.9117 | KL: 27.7517
Negative ELBO: 189.1386 | Recon Loss: 186.3596 | KL: 27.7901
Epoch 196/200:
--------
Negative ELBO: 189.5209 | Recon Loss: 186.7412 | KL: 27.7971
Epoch 197/200:
--------
Negative ELBO: 189.5905 | Recon Loss: 186.8120 | KL: 27.7853
Epoch 198/200:
--------
Negative ELBO: 189.5827 | Recon Loss: 186.8021 | KL: 27.8052
Epoch 199/200:
--------
Negative ELBO: 189.6325 | Recon Loss: 186.8538 | KL: 27.7866
<IPython.core.display.Image object>
[2K[2K-------------
Test Results:
Negative ELBO: 188.6511 | Recon Loss: 185.8656 | KL: 27.8547
Estimated NLL (Monte Carlo, K=500): 203.6877
Traceback (most recent call last):
  File "/zhome/7f/5/168608/CCVAE/GMVAE/CCVAE_new_script.py", line 696, in <module>
    generate_plots(model, test_loader)
  File "/zhome/7f/5/168608/CCVAE/GMVAE/CCVAE_new_script.py", line 655, in generate_plots
    plt.savefig(f"plots/cc_{model.latent_dim}_tSNE.svg", format="svg", bbox_inches='tight')
  File "/zhome/7f/5/168608/DLenv/lib64/python3.9/site-packages/matplotlib/pyplot.py", line 1228, in savefig
    res = fig.savefig(*args, **kwargs)  # type: ignore[func-returns-value]
  File "/zhome/7f/5/168608/DLenv/lib64/python3.9/site-packages/matplotlib/figure.py", line 3395, in savefig
    self.canvas.print_figure(fname, **kwargs)
  File "/zhome/7f/5/168608/DLenv/lib64/python3.9/site-packages/matplotlib/backend_bases.py", line 2204, in print_figure
    result = print_method(
  File "/zhome/7f/5/168608/DLenv/lib64/python3.9/site-packages/matplotlib/backend_bases.py", line 2054, in <lambda>
    print_method = functools.wraps(meth)(lambda *args, **kwargs: meth(
  File "/zhome/7f/5/168608/DLenv/lib64/python3.9/site-packages/matplotlib/backends/backend_svg.py", line 1328, in print_svg
    with cbook.open_file_cm(filename, "w", encoding="utf-8") as fh:
  File "/zhome/7f/5/168608/DLenv/lib64/python3.9/site-packages/matplotlib/cbook.py", line 497, in open_file_cm
    fh, opened = to_filehandle(path_or_file, mode, True, encoding)
  File "/zhome/7f/5/168608/DLenv/lib64/python3.9/site-packages/matplotlib/cbook.py", line 483, in to_filehandle
    fh = open(fname, flag, encoding=encoding)
FileNotFoundError: [Errno 2] No such file or directory: 'plots/cc_10_tSNE.svg'
