Clipping input data to the valid range for imshow with RGB data ([0..1] for floats or [0..255] for integers).
Current device: cuda
Using learning rate: 0.0001, hidden dim: 512
Training CCVAE with latent dim: 8
used numbers: [0, 1, 2, 3, 4, 5, 6, 7]
epochs : 50
Epoch 0/50:
--------
Negative ELBO: 414.2617 | Recon Loss: 414.2617 | KL: 64.0396
Negative ELBO: 292.6427 | Recon Loss: 292.6427 | KL: 53.3946
Epoch 1/50:
--------
Negative ELBO: 243.6438 | Recon Loss: 243.6438 | KL: 44.9436
Epoch 2/50:
--------
Negative ELBO: 210.9207 | Recon Loss: 210.9207 | KL: 39.3301
Epoch 3/50:
--------
Negative ELBO: 203.2428 | Recon Loss: 203.2428 | KL: 40.7212
Epoch 4/50:
--------
Negative ELBO: 199.4020 | Recon Loss: 199.4020 | KL: 42.7788
Epoch 5/50:
--------
Negative ELBO: 195.8366 | Recon Loss: 195.8366 | KL: 40.2792
Negative ELBO: 194.4653 | Recon Loss: 194.4653 | KL: 39.7414
Epoch 6/50:
--------
Negative ELBO: 194.0549 | Recon Loss: 194.0549 | KL: 40.6540
Epoch 7/50:
--------
Negative ELBO: 191.2335 | Recon Loss: 191.2335 | KL: 39.5207
Epoch 8/50:
--------
Negative ELBO: 189.0721 | Recon Loss: 189.0721 | KL: 37.6039
Epoch 9/50:
--------
Negative ELBO: 188.3433 | Recon Loss: 188.3433 | KL: 36.7626
Epoch 10/50:
--------
Negative ELBO: 188.0090 | Recon Loss: 188.0090 | KL: 36.5502
Negative ELBO: 187.0412 | Recon Loss: 187.0412 | KL: 36.3038
Epoch 11/50:
--------
Negative ELBO: 187.8344 | Recon Loss: 187.8344 | KL: 36.5525
Epoch 12/50:
--------
Negative ELBO: 187.5446 | Recon Loss: 187.5446 | KL: 36.4916
Epoch 13/50:
--------
Negative ELBO: 187.5404 | Recon Loss: 187.5404 | KL: 36.5605
Epoch 14/50:
--------
Negative ELBO: 187.4971 | Recon Loss: 187.4971 | KL: 37.0765
Epoch 15/50:
--------
Negative ELBO: 187.1429 | Recon Loss: 187.1429 | KL: 37.8285
Negative ELBO: 186.2115 | Recon Loss: 186.2115 | KL: 37.3220
Epoch 16/50:
--------
Negative ELBO: 186.0536 | Recon Loss: 186.0536 | KL: 37.2257
Epoch 17/50:
--------
Negative ELBO: 184.6893 | Recon Loss: 184.6893 | KL: 35.9131
Epoch 18/50:
--------
Negative ELBO: 183.9671 | Recon Loss: 183.9671 | KL: 35.3703
Epoch 19/50:
--------
Negative ELBO: 183.6250 | Recon Loss: 183.6250 | KL: 34.9160
Epoch 20/50:
--------
Negative ELBO: 183.5570 | Recon Loss: 183.5570 | KL: 34.9040
Negative ELBO: 182.7420 | Recon Loss: 182.7420 | KL: 34.7597
Epoch 21/50:
--------
Negative ELBO: 183.4376 | Recon Loss: 183.3503 | KL: 34.9256
Epoch 22/50:
--------
Negative ELBO: 183.3873 | Recon Loss: 183.2126 | KL: 34.9492
Epoch 23/50:
--------
Negative ELBO: 183.1849 | Recon Loss: 182.9243 | KL: 34.7438
Epoch 24/50:
--------
Negative ELBO: 182.6395 | Recon Loss: 182.2929 | KL: 34.6636
Epoch 25/50:
--------
Negative ELBO: 182.3481 | Recon Loss: 181.9176 | KL: 34.4421
Negative ELBO: 181.4619 | Recon Loss: 181.0339 | KL: 34.2448
Epoch 26/50:
--------
Negative ELBO: 182.1509 | Recon Loss: 181.6351 | KL: 34.3811
Epoch 27/50:
--------
Negative ELBO: 182.0627 | Recon Loss: 181.4642 | KL: 34.2038
Epoch 28/50:
--------
Negative ELBO: 181.8948 | Recon Loss: 181.2107 | KL: 34.2089
Epoch 29/50:
--------
Negative ELBO: 181.8772 | Recon Loss: 181.1095 | KL: 34.1189
Epoch 30/50:
--------
Negative ELBO: 182.2028 | Recon Loss: 181.3536 | KL: 33.9664
Negative ELBO: 181.1317 | Recon Loss: 180.2886 | KL: 33.7203
Epoch 31/50:
--------
Negative ELBO: 181.9476 | Recon Loss: 181.0125 | KL: 34.0053
Epoch 32/50:
--------
Negative ELBO: 181.9988 | Recon Loss: 180.9823 | KL: 33.8844
Epoch 33/50:
--------
Negative ELBO: 182.0747 | Recon Loss: 180.9787 | KL: 33.7231
Epoch 34/50:
--------
Negative ELBO: 182.4234 | Recon Loss: 181.2441 | KL: 33.6936
Epoch 35/50:
--------
Negative ELBO: 182.0909 | Recon Loss: 180.8296 | KL: 33.6348
Negative ELBO: 181.8402 | Recon Loss: 180.5851 | KL: 33.4714
Epoch 36/50:
--------
Negative ELBO: 182.2133 | Recon Loss: 180.8701 | KL: 33.5809
Epoch 37/50:
--------
Negative ELBO: 182.2410 | Recon Loss: 180.8203 | KL: 33.4273
Epoch 38/50:
--------
Negative ELBO: 182.3358 | Recon Loss: 180.8311 | KL: 33.4370
Epoch 39/50:
--------
Negative ELBO: 182.3495 | Recon Loss: 180.7659 | KL: 33.3381
Epoch 40/50:
--------
Negative ELBO: 182.5944 | Recon Loss: 180.9328 | KL: 33.2311
Negative ELBO: 181.7906 | Recon Loss: 180.1384 | KL: 33.0443
Epoch 41/50:
--------
Negative ELBO: 182.5535 | Recon Loss: 180.8098 | KL: 33.2131
Epoch 42/50:
--------
Negative ELBO: 182.6306 | Recon Loss: 180.8075 | KL: 33.1480
Epoch 43/50:
--------
Negative ELBO: 182.7007 | Recon Loss: 180.7994 | KL: 33.0659
Epoch 44/50:
--------
Negative ELBO: 182.7270 | Recon Loss: 180.7482 | KL: 32.9787
Epoch 45/50:
--------
Negative ELBO: 182.9102 | Recon Loss: 180.8511 | KL: 32.9451
Negative ELBO: 182.2342 | Recon Loss: 180.1885 | KL: 32.7323
Epoch 46/50:
--------
Negative ELBO: 182.8613 | Recon Loss: 180.7239 | KL: 32.8843
Epoch 47/50:
--------
Negative ELBO: 182.9690 | Recon Loss: 180.7508 | KL: 32.8623
Epoch 48/50:
--------
Negative ELBO: 183.0266 | Recon Loss: 180.7360 | KL: 32.7236
Epoch 49/50:
--------
Negative ELBO: 183.0584 | Recon Loss: 180.6879 | KL: 32.6956
<IPython.core.display.Image object>
[2KClipping input data to the valid range for imshow with RGB data ([0..1] for floats or [0..255] for integers).
[2K-------------
Test Results:
Negative ELBO: 182.5252 | Recon Loss: 180.1696 | KL: 32.4911
Estimated NLL (Monte Carlo, K=500): 198.8524
