Clipping input data to the valid range for imshow with RGB data ([0..1] for floats or [0..255] for integers). Got range [-62.232193..1.4660487].
Current device: cuda
Using learning rate: 0.0005, hidden dim: 1024
Training CCVAE with latent dim: 10
used numbers: [0, 1, 2, 3, 4, 5, 6, 7, 8, 9]
epochs : 200
Epoch 0/200:
--------
Negative ELBO: 225.1044 | Recon Loss: 225.1044 | KL: 50.4207
Negative ELBO: 191.3651 | Recon Loss: 191.3651 | KL: 37.3710
Epoch 1/200:
--------
Negative ELBO: 189.7040 | Recon Loss: 189.7040 | KL: 34.9568
Epoch 2/200:
--------
Negative ELBO: 188.6850 | Recon Loss: 188.6850 | KL: 32.6730
Epoch 3/200:
--------
Negative ELBO: 188.4285 | Recon Loss: 188.4285 | KL: 31.9740
Epoch 4/200:
--------
Negative ELBO: 188.2844 | Recon Loss: 188.2844 | KL: 31.5577
Epoch 5/200:
--------
Negative ELBO: 188.0602 | Recon Loss: 188.0602 | KL: 31.2038
Negative ELBO: 187.5044 | Recon Loss: 187.5044 | KL: 31.3546
Epoch 6/200:
--------
Negative ELBO: 187.8849 | Recon Loss: 187.8849 | KL: 31.1976
Epoch 7/200:
--------
Negative ELBO: 187.8680 | Recon Loss: 187.8680 | KL: 31.0146
Epoch 8/200:
--------
Negative ELBO: 187.7297 | Recon Loss: 187.7297 | KL: 30.9323
Epoch 9/200:
--------
Negative ELBO: 187.7118 | Recon Loss: 187.7118 | KL: 30.7578
Epoch 10/200:
--------
Negative ELBO: 187.7984 | Recon Loss: 187.7984 | KL: 30.6533
Negative ELBO: 187.7200 | Recon Loss: 187.7200 | KL: 30.5974
Epoch 11/200:
--------
Negative ELBO: 187.6006 | Recon Loss: 187.6006 | KL: 30.6172
Epoch 12/200:
--------
Negative ELBO: 187.5818 | Recon Loss: 187.5818 | KL: 30.5319
Epoch 13/200:
--------
Negative ELBO: 187.5394 | Recon Loss: 187.5394 | KL: 30.4801
Epoch 14/200:
--------
Negative ELBO: 187.4845 | Recon Loss: 187.4845 | KL: 30.5051
Epoch 15/200:
--------
Negative ELBO: 187.5514 | Recon Loss: 187.5514 | KL: 30.4377
Negative ELBO: 187.1130 | Recon Loss: 187.1130 | KL: 30.5200
Epoch 16/200:
--------
Negative ELBO: 187.4689 | Recon Loss: 187.4689 | KL: 30.4378
Epoch 17/200:
--------
Negative ELBO: 187.4150 | Recon Loss: 187.4150 | KL: 30.4021
Epoch 18/200:
--------
Negative ELBO: 187.3281 | Recon Loss: 187.3281 | KL: 30.3928
Epoch 19/200:
--------
Negative ELBO: 187.5114 | Recon Loss: 187.5114 | KL: 30.3381
Epoch 20/200:
--------
Negative ELBO: 187.4256 | Recon Loss: 187.4256 | KL: 30.2356
Negative ELBO: 187.1604 | Recon Loss: 187.1604 | KL: 30.3067
Epoch 21/200:
--------
Negative ELBO: 187.4007 | Recon Loss: 187.3250 | KL: 30.2720
Epoch 22/200:
--------
Negative ELBO: 187.5126 | Recon Loss: 187.3613 | KL: 30.2541
Epoch 23/200:
--------
Negative ELBO: 187.3691 | Recon Loss: 187.1422 | KL: 30.2525
Epoch 24/200:
--------
Negative ELBO: 187.4907 | Recon Loss: 187.1887 | KL: 30.2018
Epoch 25/200:
--------
Negative ELBO: 187.5864 | Recon Loss: 187.2098 | KL: 30.1247
Negative ELBO: 186.6138 | Recon Loss: 186.2365 | KL: 30.1862
Epoch 26/200:
--------
Negative ELBO: 187.5101 | Recon Loss: 187.0586 | KL: 30.0938
Epoch 27/200:
--------
Negative ELBO: 187.6523 | Recon Loss: 187.1266 | KL: 30.0439
Epoch 28/200:
--------
Negative ELBO: 187.7897 | Recon Loss: 187.1896 | KL: 30.0057
Epoch 29/200:
--------
Negative ELBO: 187.6076 | Recon Loss: 186.9324 | KL: 30.0089
Epoch 30/200:
--------
Negative ELBO: 187.8952 | Recon Loss: 187.1472 | KL: 29.9189
Negative ELBO: 187.3780 | Recon Loss: 186.6321 | KL: 29.8374
Epoch 31/200:
--------
Negative ELBO: 187.7555 | Recon Loss: 186.9340 | KL: 29.8736
Epoch 32/200:
--------
Negative ELBO: 187.9587 | Recon Loss: 187.0642 | KL: 29.8148
Epoch 33/200:
--------
Negative ELBO: 187.8762 | Recon Loss: 186.9090 | KL: 29.7619
Epoch 34/200:
--------
Negative ELBO: 188.1015 | Recon Loss: 187.0614 | KL: 29.7184
Epoch 35/200:
--------
Negative ELBO: 187.9849 | Recon Loss: 186.8713 | KL: 29.6946
Negative ELBO: 187.2808 | Recon Loss: 186.1694 | KL: 29.6373
Epoch 36/200:
--------
Negative ELBO: 188.1508 | Recon Loss: 186.9678 | KL: 29.5741
Epoch 37/200:
--------
Negative ELBO: 188.2147 | Recon Loss: 186.9579 | KL: 29.5726
Epoch 38/200:
--------
Negative ELBO: 188.3317 | Recon Loss: 187.0006 | KL: 29.5813
Epoch 39/200:
--------
Negative ELBO: 188.2423 | Recon Loss: 186.8359 | KL: 29.6088
Epoch 40/200:
--------
Negative ELBO: 188.3825 | Recon Loss: 186.9027 | KL: 29.5962
Negative ELBO: 187.6184 | Recon Loss: 186.1385 | KL: 29.5986
Epoch 41/200:
--------
Negative ELBO: 188.3837 | Recon Loss: 186.8333 | KL: 29.5315
Epoch 42/200:
--------
Negative ELBO: 188.3719 | Recon Loss: 186.7492 | KL: 29.5047
Epoch 43/200:
--------
Negative ELBO: 188.4767 | Recon Loss: 186.7806 | KL: 29.4970
Epoch 44/200:
--------
Negative ELBO: 188.7224 | Recon Loss: 186.9543 | KL: 29.4686
Epoch 45/200:
--------
Negative ELBO: 188.5622 | Recon Loss: 186.7225 | KL: 29.4344
Negative ELBO: 187.8179 | Recon Loss: 185.9801 | KL: 29.4035
Epoch 46/200:
--------
Negative ELBO: 188.6332 | Recon Loss: 186.7219 | KL: 29.4051
Epoch 47/200:
--------
Negative ELBO: 188.8666 | Recon Loss: 186.8850 | KL: 29.3572
Epoch 48/200:
--------
Negative ELBO: 188.9812 | Recon Loss: 186.9309 | KL: 29.2901
Epoch 49/200:
--------
Negative ELBO: 189.0198 | Recon Loss: 186.8966 | KL: 29.2854
Epoch 50/200:
--------
Negative ELBO: 189.0790 | Recon Loss: 186.8836 | KL: 29.2726
Negative ELBO: 188.1203 | Recon Loss: 185.9240 | KL: 29.2840
Epoch 51/200:
--------
Negative ELBO: 189.2594 | Recon Loss: 186.9939 | KL: 29.2326
Epoch 52/200:
--------
Negative ELBO: 189.2857 | Recon Loss: 186.9457 | KL: 29.2503
Epoch 53/200:
--------
Negative ELBO: 189.1707 | Recon Loss: 186.7589 | KL: 29.2342
Epoch 54/200:
--------
Negative ELBO: 189.2860 | Recon Loss: 186.8012 | KL: 29.2336
Epoch 55/200:
--------
Negative ELBO: 189.3845 | Recon Loss: 186.8326 | KL: 29.1640
Negative ELBO: 188.7933 | Recon Loss: 186.2428 | KL: 29.1492
Epoch 56/200:
--------
Negative ELBO: 189.5353 | Recon Loss: 186.9089 | KL: 29.1819
Epoch 57/200:
--------
Negative ELBO: 189.5580 | Recon Loss: 186.8662 | KL: 29.1013
Epoch 58/200:
--------
Negative ELBO: 189.5727 | Recon Loss: 186.8121 | KL: 29.0596
Epoch 59/200:
--------
Negative ELBO: 189.5329 | Recon Loss: 186.7008 | KL: 29.0480
Epoch 60/200:
--------
Negative ELBO: 189.6236 | Recon Loss: 186.7144 | KL: 29.0916
Negative ELBO: 189.2119 | Recon Loss: 186.2984 | KL: 29.1358
Epoch 61/200:
--------
Negative ELBO: 189.6139 | Recon Loss: 186.7089 | KL: 29.0500
Epoch 62/200:
--------
Negative ELBO: 189.6168 | Recon Loss: 186.7108 | KL: 29.0606
Epoch 63/200:
--------
Negative ELBO: 189.6690 | Recon Loss: 186.7675 | KL: 29.0158
Epoch 64/200:
--------
Negative ELBO: 189.6893 | Recon Loss: 186.7842 | KL: 29.0504
Epoch 65/200:
--------
Negative ELBO: 189.7770 | Recon Loss: 186.8752 | KL: 29.0184
Negative ELBO: 188.6929 | Recon Loss: 185.7846 | KL: 29.0825
Epoch 66/200:
--------
Negative ELBO: 189.6978 | Recon Loss: 186.7952 | KL: 29.0257
Epoch 67/200:
--------
Negative ELBO: 189.6655 | Recon Loss: 186.7666 | KL: 28.9885
Epoch 68/200:
--------
Negative ELBO: 189.6267 | Recon Loss: 186.7328 | KL: 28.9394
Epoch 69/200:
--------
Negative ELBO: 189.6711 | Recon Loss: 186.7773 | KL: 28.9375
Epoch 70/200:
--------
Negative ELBO: 189.7896 | Recon Loss: 186.8963 | KL: 28.9323
Negative ELBO: 189.0242 | Recon Loss: 186.1317 | KL: 28.9245
Epoch 71/200:
--------
Negative ELBO: 189.7205 | Recon Loss: 186.8299 | KL: 28.9061
Epoch 72/200:
--------
Negative ELBO: 189.6139 | Recon Loss: 186.7221 | KL: 28.9182
Epoch 73/200:
--------
Negative ELBO: 189.7214 | Recon Loss: 186.8344 | KL: 28.8694
Epoch 74/200:
--------
Negative ELBO: 189.8475 | Recon Loss: 186.9570 | KL: 28.9053
Epoch 75/200:
--------
Negative ELBO: 189.6109 | Recon Loss: 186.7212 | KL: 28.8968
Negative ELBO: 188.8736 | Recon Loss: 185.9745 | KL: 28.9904
Epoch 76/200:
--------
Negative ELBO: 189.7165 | Recon Loss: 186.8273 | KL: 28.8923
Epoch 77/200:
--------
Negative ELBO: 189.7745 | Recon Loss: 186.8898 | KL: 28.8473
Epoch 78/200:
--------
Negative ELBO: 189.6587 | Recon Loss: 186.7725 | KL: 28.8623
Epoch 79/200:
--------
Negative ELBO: 189.6852 | Recon Loss: 186.8013 | KL: 28.8391
Epoch 80/200:
--------
Negative ELBO: 189.7176 | Recon Loss: 186.8325 | KL: 28.8510
Negative ELBO: 189.0836 | Recon Loss: 186.1935 | KL: 28.9005
Epoch 81/200:
--------
Negative ELBO: 189.6659 | Recon Loss: 186.7792 | KL: 28.8672
Epoch 82/200:
--------
Negative ELBO: 189.5780 | Recon Loss: 186.6964 | KL: 28.8160
Epoch 83/200:
--------
Negative ELBO: 189.7625 | Recon Loss: 186.8813 | KL: 28.8127
Epoch 84/200:
--------
Negative ELBO: 189.6002 | Recon Loss: 186.7202 | KL: 28.7999
Epoch 85/200:
--------
Negative ELBO: 189.7331 | Recon Loss: 186.8536 | KL: 28.7942
Negative ELBO: 188.5867 | Recon Loss: 185.7045 | KL: 28.8217
Epoch 86/200:
--------
Negative ELBO: 189.9053 | Recon Loss: 187.0287 | KL: 28.7656
Epoch 87/200:
--------
Negative ELBO: 189.6600 | Recon Loss: 186.7829 | KL: 28.7713
Epoch 88/200:
--------
Negative ELBO: 189.6988 | Recon Loss: 186.8241 | KL: 28.7469
Epoch 89/200:
--------
Negative ELBO: 189.6599 | Recon Loss: 186.7840 | KL: 28.7584
Epoch 90/200:
--------
Negative ELBO: 189.5988 | Recon Loss: 186.7219 | KL: 28.7695
Negative ELBO: 188.9958 | Recon Loss: 186.1189 | KL: 28.7695
Epoch 91/200:
--------
Negative ELBO: 189.6413 | Recon Loss: 186.7635 | KL: 28.7783
Epoch 92/200:
--------
Negative ELBO: 189.6443 | Recon Loss: 186.7651 | KL: 28.7924
Epoch 93/200:
--------
Negative ELBO: 189.7419 | Recon Loss: 186.8680 | KL: 28.7391
Epoch 94/200:
--------
Negative ELBO: 189.7644 | Recon Loss: 186.8914 | KL: 28.7301
Epoch 95/200:
--------
Negative ELBO: 189.6567 | Recon Loss: 186.7799 | KL: 28.7678
Negative ELBO: 189.5722 | Recon Loss: 186.6979 | KL: 28.7426
Epoch 96/200:
--------
Negative ELBO: 189.6594 | Recon Loss: 186.7823 | KL: 28.7708
Epoch 97/200:
--------
Negative ELBO: 189.6518 | Recon Loss: 186.7783 | KL: 28.7348
Epoch 98/200:
--------
Negative ELBO: 189.6457 | Recon Loss: 186.7705 | KL: 28.7518
Epoch 99/200:
--------
Negative ELBO: 189.5734 | Recon Loss: 186.7015 | KL: 28.7186
Epoch 100/200:
--------
Negative ELBO: 189.5092 | Recon Loss: 186.6346 | KL: 28.7461
Negative ELBO: 189.4735 | Recon Loss: 186.5971 | KL: 28.7640
Epoch 101/200:
--------
Negative ELBO: 189.7426 | Recon Loss: 186.8709 | KL: 28.7163
Epoch 102/200:
--------
Negative ELBO: 189.6019 | Recon Loss: 186.7307 | KL: 28.7125
Epoch 103/200:
--------
Negative ELBO: 189.7176 | Recon Loss: 186.8492 | KL: 28.6844
Epoch 104/200:
--------
Negative ELBO: 189.7384 | Recon Loss: 186.8667 | KL: 28.7169
Epoch 105/200:
--------
Negative ELBO: 189.7083 | Recon Loss: 186.8371 | KL: 28.7113
Negative ELBO: 188.8198 | Recon Loss: 185.9440 | KL: 28.7577
Epoch 106/200:
--------
Negative ELBO: 189.7330 | Recon Loss: 186.8649 | KL: 28.6805
Epoch 107/200:
--------
Negative ELBO: 189.6173 | Recon Loss: 186.7482 | KL: 28.6911
Epoch 108/200:
--------
Negative ELBO: 189.6007 | Recon Loss: 186.7314 | KL: 28.6934
Epoch 109/200:
--------
Negative ELBO: 189.6699 | Recon Loss: 186.8017 | KL: 28.6821
Epoch 110/200:
--------
Negative ELBO: 189.6050 | Recon Loss: 186.7365 | KL: 28.6847
Negative ELBO: 189.2798 | Recon Loss: 186.4079 | KL: 28.7189
Epoch 111/200:
--------
Negative ELBO: 189.6165 | Recon Loss: 186.7493 | KL: 28.6727
Epoch 112/200:
--------
Negative ELBO: 189.5207 | Recon Loss: 186.6520 | KL: 28.6873
Epoch 113/200:
--------
Negative ELBO: 189.5737 | Recon Loss: 186.7071 | KL: 28.6658
Epoch 114/200:
--------
Negative ELBO: 189.6821 | Recon Loss: 186.8154 | KL: 28.6674
Epoch 115/200:
--------
Negative ELBO: 189.4852 | Recon Loss: 186.6188 | KL: 28.6633
Negative ELBO: 188.9403 | Recon Loss: 186.0700 | KL: 28.7026
Epoch 116/200:
--------
Negative ELBO: 189.7288 | Recon Loss: 186.8647 | KL: 28.6406
Epoch 117/200:
--------
Negative ELBO: 189.6280 | Recon Loss: 186.7645 | KL: 28.6344
Epoch 118/200:
--------
Negative ELBO: 189.7255 | Recon Loss: 186.8644 | KL: 28.6111
Epoch 119/200:
--------
Negative ELBO: 189.5643 | Recon Loss: 186.7028 | KL: 28.6150
Epoch 120/200:
--------
Negative ELBO: 189.6191 | Recon Loss: 186.7588 | KL: 28.6022
Negative ELBO: 189.2094 | Recon Loss: 186.3427 | KL: 28.6673
Epoch 121/200:
--------
Negative ELBO: 189.6777 | Recon Loss: 186.8168 | KL: 28.6090
Epoch 122/200:
--------
Negative ELBO: 189.5265 | Recon Loss: 186.6641 | KL: 28.6245
Epoch 123/200:
--------
Negative ELBO: 189.4468 | Recon Loss: 186.5819 | KL: 28.6492
Epoch 124/200:
--------
Negative ELBO: 189.7332 | Recon Loss: 186.8703 | KL: 28.6289
Epoch 125/200:
--------
Negative ELBO: 189.8119 | Recon Loss: 186.9527 | KL: 28.5920
Negative ELBO: 189.3434 | Recon Loss: 186.4788 | KL: 28.6458
Epoch 126/200:
--------
Negative ELBO: 189.6067 | Recon Loss: 186.7440 | KL: 28.6277
Epoch 127/200:
--------
Negative ELBO: 189.6571 | Recon Loss: 186.7954 | KL: 28.6169
Epoch 128/200:
--------
Negative ELBO: 189.5195 | Recon Loss: 186.6534 | KL: 28.6605
Epoch 129/200:
--------
Negative ELBO: 189.6410 | Recon Loss: 186.7784 | KL: 28.6262
Epoch 130/200:
--------
Negative ELBO: 189.5737 | Recon Loss: 186.7075 | KL: 28.6621
Negative ELBO: 189.1247 | Recon Loss: 186.2598 | KL: 28.6486
Epoch 131/200:
--------
Negative ELBO: 189.6205 | Recon Loss: 186.7573 | KL: 28.6316
Epoch 132/200:
--------
Negative ELBO: 189.5641 | Recon Loss: 186.7022 | KL: 28.6189
Epoch 133/200:
--------
Negative ELBO: 189.6639 | Recon Loss: 186.8046 | KL: 28.5924
Epoch 134/200:
--------
Negative ELBO: 189.5060 | Recon Loss: 186.6472 | KL: 28.5878
Epoch 135/200:
--------
Negative ELBO: 189.5452 | Recon Loss: 186.6847 | KL: 28.6050
Negative ELBO: 188.9555 | Recon Loss: 186.0933 | KL: 28.6225
Epoch 136/200:
--------
Negative ELBO: 189.5636 | Recon Loss: 186.7019 | KL: 28.6172
Epoch 137/200:
--------
Negative ELBO: 189.5994 | Recon Loss: 186.7375 | KL: 28.6195
Epoch 138/200:
--------
Negative ELBO: 189.5803 | Recon Loss: 186.7181 | KL: 28.6225
Epoch 139/200:
--------
Negative ELBO: 189.6406 | Recon Loss: 186.7781 | KL: 28.6258
Epoch 140/200:
--------
Negative ELBO: 189.5800 | Recon Loss: 186.7185 | KL: 28.6149
Negative ELBO: 188.9135 | Recon Loss: 186.0557 | KL: 28.5785
Epoch 141/200:
--------
Negative ELBO: 189.6076 | Recon Loss: 186.7472 | KL: 28.6042
Epoch 142/200:
--------
Negative ELBO: 189.5556 | Recon Loss: 186.6975 | KL: 28.5803
Epoch 143/200:
--------
Negative ELBO: 189.7079 | Recon Loss: 186.8486 | KL: 28.5928
Epoch 144/200:
--------
Negative ELBO: 189.6342 | Recon Loss: 186.7769 | KL: 28.5729
Epoch 145/200:
--------
Negative ELBO: 189.5926 | Recon Loss: 186.7354 | KL: 28.5725
Negative ELBO: 189.1333 | Recon Loss: 186.2716 | KL: 28.6172
Epoch 146/200:
--------
Negative ELBO: 189.5125 | Recon Loss: 186.6546 | KL: 28.5789
Epoch 147/200:
--------
Negative ELBO: 189.5827 | Recon Loss: 186.7240 | KL: 28.5870
Epoch 148/200:
--------
Negative ELBO: 189.5991 | Recon Loss: 186.7409 | KL: 28.5819
Epoch 149/200:
--------
Negative ELBO: 189.6882 | Recon Loss: 186.8304 | KL: 28.5775
Epoch 150/200:
--------
Negative ELBO: 189.6054 | Recon Loss: 186.7481 | KL: 28.5738
Negative ELBO: 189.3214 | Recon Loss: 186.4590 | KL: 28.6240
Epoch 151/200:
--------
Negative ELBO: 189.5832 | Recon Loss: 186.7240 | KL: 28.5911
Epoch 152/200:
--------
Negative ELBO: 189.6380 | Recon Loss: 186.7781 | KL: 28.5993
Epoch 153/200:
--------
Negative ELBO: 189.5924 | Recon Loss: 186.7303 | KL: 28.6216
Epoch 154/200:
--------
Negative ELBO: 189.7324 | Recon Loss: 186.8735 | KL: 28.5881
Epoch 155/200:
--------
Negative ELBO: 189.6113 | Recon Loss: 186.7529 | KL: 28.5835
Negative ELBO: 189.2728 | Recon Loss: 186.4154 | KL: 28.5733
Epoch 156/200:
--------
Negative ELBO: 189.7123 | Recon Loss: 186.8571 | KL: 28.5517
Epoch 157/200:
--------
Negative ELBO: 189.5544 | Recon Loss: 186.7012 | KL: 28.5322
Epoch 158/200:
--------
Negative ELBO: 189.7696 | Recon Loss: 186.9166 | KL: 28.5299
Epoch 159/200:
--------
Negative ELBO: 189.6192 | Recon Loss: 186.7650 | KL: 28.5419
Epoch 160/200:
--------
Negative ELBO: 189.4393 | Recon Loss: 186.5807 | KL: 28.5865
Negative ELBO: 188.9662 | Recon Loss: 186.1098 | KL: 28.5633
Epoch 161/200:
--------
Negative ELBO: 189.5597 | Recon Loss: 186.7036 | KL: 28.5611
Epoch 162/200:
--------
Negative ELBO: 189.7012 | Recon Loss: 186.8474 | KL: 28.5375
Epoch 163/200:
--------
Negative ELBO: 189.5903 | Recon Loss: 186.7354 | KL: 28.5481
Epoch 164/200:
--------
Negative ELBO: 189.4975 | Recon Loss: 186.6405 | KL: 28.5694
Epoch 165/200:
--------
Negative ELBO: 189.5321 | Recon Loss: 186.6781 | KL: 28.5394
Negative ELBO: 188.9029 | Recon Loss: 186.0417 | KL: 28.6121
Epoch 166/200:
--------
Negative ELBO: 189.7091 | Recon Loss: 186.8554 | KL: 28.5370
Epoch 167/200:
--------
Negative ELBO: 189.6094 | Recon Loss: 186.7540 | KL: 28.5539
Epoch 168/200:
--------
Negative ELBO: 189.5469 | Recon Loss: 186.6910 | KL: 28.5592
Epoch 169/200:
--------
Negative ELBO: 189.5289 | Recon Loss: 186.6731 | KL: 28.5579
Epoch 170/200:
--------
Negative ELBO: 189.6968 | Recon Loss: 186.8430 | KL: 28.5384
Negative ELBO: 188.9964 | Recon Loss: 186.1458 | KL: 28.5063
Epoch 171/200:
--------
Negative ELBO: 189.6429 | Recon Loss: 186.7894 | KL: 28.5346
Epoch 172/200:
--------
Negative ELBO: 189.6737 | Recon Loss: 186.8224 | KL: 28.5130
Epoch 173/200:
--------
Negative ELBO: 189.6394 | Recon Loss: 186.7884 | KL: 28.5107
Epoch 174/200:
--------
Negative ELBO: 189.5649 | Recon Loss: 186.7113 | KL: 28.5365
Epoch 175/200:
--------
Negative ELBO: 189.7433 | Recon Loss: 186.8915 | KL: 28.5177
Negative ELBO: 189.0089 | Recon Loss: 186.1533 | KL: 28.5560
Epoch 176/200:
--------
Negative ELBO: 189.7049 | Recon Loss: 186.8522 | KL: 28.5263
Epoch 177/200:
--------
Negative ELBO: 189.5931 | Recon Loss: 186.7413 | KL: 28.5186
Epoch 178/200:
--------
Negative ELBO: 189.4592 | Recon Loss: 186.6037 | KL: 28.5541
Epoch 179/200:
--------
Negative ELBO: 189.6626 | Recon Loss: 186.8124 | KL: 28.5026
Epoch 180/200:
--------
Negative ELBO: 189.5938 | Recon Loss: 186.7402 | KL: 28.5358
Negative ELBO: 188.9431 | Recon Loss: 186.0880 | KL: 28.5519
Epoch 181/200:
--------
Negative ELBO: 189.5493 | Recon Loss: 186.6979 | KL: 28.5148
Epoch 182/200:
--------
Negative ELBO: 189.7095 | Recon Loss: 186.8583 | KL: 28.5118
Epoch 183/200:
--------
Negative ELBO: 189.6164 | Recon Loss: 186.7653 | KL: 28.5103
Epoch 184/200:
--------
Negative ELBO: 189.6760 | Recon Loss: 186.8267 | KL: 28.4928
Epoch 185/200:
--------
Negative ELBO: 189.5075 | Recon Loss: 186.6556 | KL: 28.5185
Negative ELBO: 188.9680 | Recon Loss: 186.1070 | KL: 28.6101
Epoch 186/200:
--------
Negative ELBO: 189.6584 | Recon Loss: 186.8067 | KL: 28.5166
Epoch 187/200:
--------
Negative ELBO: 189.6541 | Recon Loss: 186.8073 | KL: 28.4677
Epoch 188/200:
--------
Negative ELBO: 189.4222 | Recon Loss: 186.5712 | KL: 28.5106
Epoch 189/200:
--------
Negative ELBO: 189.5697 | Recon Loss: 186.7210 | KL: 28.4878
Epoch 190/200:
--------
Negative ELBO: 189.5652 | Recon Loss: 186.7154 | KL: 28.4976
Negative ELBO: 189.0010 | Recon Loss: 186.1436 | KL: 28.5736
Epoch 191/200:
--------
Negative ELBO: 189.6413 | Recon Loss: 186.7899 | KL: 28.5144
Epoch 192/200:
--------
Negative ELBO: 189.6372 | Recon Loss: 186.7866 | KL: 28.5058
Epoch 193/200:
--------
Negative ELBO: 189.5751 | Recon Loss: 186.7271 | KL: 28.4806
Epoch 194/200:
--------
Negative ELBO: 189.5747 | Recon Loss: 186.7250 | KL: 28.4970
Epoch 195/200:
--------
Negative ELBO: 189.6820 | Recon Loss: 186.8343 | KL: 28.4769
Negative ELBO: 188.4147 | Recon Loss: 185.5552 | KL: 28.5944
Epoch 196/200:
--------
Negative ELBO: 189.5229 | Recon Loss: 186.6745 | KL: 28.4837
Epoch 197/200:
--------
Negative ELBO: 189.6807 | Recon Loss: 186.8322 | KL: 28.4856
Epoch 198/200:
--------
Negative ELBO: 189.6735 | Recon Loss: 186.8244 | KL: 28.4910
Epoch 199/200:
--------
Negative ELBO: 189.5545 | Recon Loss: 186.7013 | KL: 28.5311
<IPython.core.display.Image object>
[2K[2K-------------
Test Results:
Negative ELBO: 189.1522 | Recon Loss: 186.2964 | KL: 28.5577
Estimated NLL (Monte Carlo, K=500): 204.3752
Traceback (most recent call last):
  File "/zhome/7f/5/168608/CCVAE/GMVAE/CCVAE_new_script.py", line 696, in <module>
    generate_plots(model, test_loader)
  File "/zhome/7f/5/168608/CCVAE/GMVAE/CCVAE_new_script.py", line 655, in generate_plots
    plt.savefig(f"plots/cc_{model.latent_dim}_tSNE.svg", format="svg", bbox_inches='tight')
  File "/zhome/7f/5/168608/DLenv/lib64/python3.9/site-packages/matplotlib/pyplot.py", line 1228, in savefig
    res = fig.savefig(*args, **kwargs)  # type: ignore[func-returns-value]
  File "/zhome/7f/5/168608/DLenv/lib64/python3.9/site-packages/matplotlib/figure.py", line 3395, in savefig
    self.canvas.print_figure(fname, **kwargs)
  File "/zhome/7f/5/168608/DLenv/lib64/python3.9/site-packages/matplotlib/backend_bases.py", line 2204, in print_figure
    result = print_method(
  File "/zhome/7f/5/168608/DLenv/lib64/python3.9/site-packages/matplotlib/backend_bases.py", line 2054, in <lambda>
    print_method = functools.wraps(meth)(lambda *args, **kwargs: meth(
  File "/zhome/7f/5/168608/DLenv/lib64/python3.9/site-packages/matplotlib/backends/backend_svg.py", line 1328, in print_svg
    with cbook.open_file_cm(filename, "w", encoding="utf-8") as fh:
  File "/zhome/7f/5/168608/DLenv/lib64/python3.9/site-packages/matplotlib/cbook.py", line 497, in open_file_cm
    fh, opened = to_filehandle(path_or_file, mode, True, encoding)
  File "/zhome/7f/5/168608/DLenv/lib64/python3.9/site-packages/matplotlib/cbook.py", line 483, in to_filehandle
    fh = open(fname, flag, encoding=encoding)
FileNotFoundError: [Errno 2] No such file or directory: 'plots/cc_10_tSNE.svg'
