Clipping input data to the valid range for imshow with RGB data ([0..1] for floats or [0..255] for integers). Got range [-70.472626..1.9945047].
Current device: cuda
Using learning rate: 0.001, hidden dim: 1024
Training CCVAE with latent dim: 10
used numbers: [0, 1, 2, 3, 4, 5, 6, 7, 8, 9]
epochs : 200
Epoch 0/200:
--------
Negative ELBO: 208.4256 | Recon Loss: 208.4256 | KL: 45.9754
Negative ELBO: 188.6157 | Recon Loss: 188.6157 | KL: 33.3197
Epoch 1/200:
--------
Negative ELBO: 188.7111 | Recon Loss: 188.7111 | KL: 32.2324
Epoch 2/200:
--------
Negative ELBO: 188.2976 | Recon Loss: 188.2976 | KL: 31.1669
Epoch 3/200:
--------
Negative ELBO: 188.0771 | Recon Loss: 188.0771 | KL: 30.7682
Epoch 4/200:
--------
Negative ELBO: 187.9876 | Recon Loss: 187.9876 | KL: 30.5404
Epoch 5/200:
--------
Negative ELBO: 187.8757 | Recon Loss: 187.8757 | KL: 30.2338
Negative ELBO: 187.7161 | Recon Loss: 187.7161 | KL: 30.2664
Epoch 6/200:
--------
Negative ELBO: 187.9379 | Recon Loss: 187.9379 | KL: 30.0580
Epoch 7/200:
--------
Negative ELBO: 187.8847 | Recon Loss: 187.8847 | KL: 29.9266
Epoch 8/200:
--------
Negative ELBO: 187.7271 | Recon Loss: 187.7271 | KL: 29.8968
Epoch 9/200:
--------
Negative ELBO: 187.6212 | Recon Loss: 187.6212 | KL: 29.8158
Epoch 10/200:
--------
Negative ELBO: 187.7348 | Recon Loss: 187.7348 | KL: 29.8135
Negative ELBO: 187.0433 | Recon Loss: 187.0433 | KL: 29.9179
Epoch 11/200:
--------
Negative ELBO: 187.6209 | Recon Loss: 187.6209 | KL: 29.7194
Epoch 12/200:
--------
Negative ELBO: 187.6033 | Recon Loss: 187.6033 | KL: 29.7003
Epoch 13/200:
--------
Negative ELBO: 187.5484 | Recon Loss: 187.5484 | KL: 29.5413
Epoch 14/200:
--------
Negative ELBO: 187.6497 | Recon Loss: 187.6497 | KL: 29.5250
Epoch 15/200:
--------
Negative ELBO: 187.5573 | Recon Loss: 187.5573 | KL: 29.5070
Negative ELBO: 186.9265 | Recon Loss: 186.9265 | KL: 29.5537
Epoch 16/200:
--------
Negative ELBO: 187.5895 | Recon Loss: 187.5895 | KL: 29.4850
Epoch 17/200:
--------
Negative ELBO: 187.6258 | Recon Loss: 187.6258 | KL: 29.4229
Epoch 18/200:
--------
Negative ELBO: 187.4291 | Recon Loss: 187.4291 | KL: 29.6718
Epoch 19/200:
--------
Negative ELBO: 185.6024 | Recon Loss: 185.6024 | KL: 29.8273
Epoch 20/200:
--------
Negative ELBO: 185.0235 | Recon Loss: 185.0235 | KL: 29.6384
Negative ELBO: 184.5868 | Recon Loss: 184.5868 | KL: 29.4429
Epoch 21/200:
--------
Negative ELBO: 185.0102 | Recon Loss: 184.9365 | KL: 29.4886
Epoch 22/200:
--------
Negative ELBO: 184.9062 | Recon Loss: 184.7589 | KL: 29.4595
Epoch 23/200:
--------
Negative ELBO: 185.2001 | Recon Loss: 184.9796 | KL: 29.4025
Epoch 24/200:
--------
Negative ELBO: 185.2447 | Recon Loss: 184.9507 | KL: 29.4091
Epoch 25/200:
--------
Negative ELBO: 185.2166 | Recon Loss: 184.8494 | KL: 29.3741
Negative ELBO: 184.4967 | Recon Loss: 184.1305 | KL: 29.2998
Epoch 26/200:
--------
Negative ELBO: 185.1742 | Recon Loss: 184.7341 | KL: 29.3357
Epoch 27/200:
--------
Negative ELBO: 185.3029 | Recon Loss: 184.7906 | KL: 29.2732
Epoch 28/200:
--------
Negative ELBO: 185.5565 | Recon Loss: 184.9713 | KL: 29.2592
Epoch 29/200:
--------
Negative ELBO: 185.4215 | Recon Loss: 184.7645 | KL: 29.2017
Epoch 30/200:
--------
Negative ELBO: 185.4466 | Recon Loss: 184.7169 | KL: 29.1888
Negative ELBO: 185.0064 | Recon Loss: 184.2756 | KL: 29.2337
Epoch 31/200:
--------
Negative ELBO: 185.4766 | Recon Loss: 184.6743 | KL: 29.1754
Epoch 32/200:
--------
Negative ELBO: 185.6524 | Recon Loss: 184.7772 | KL: 29.1727
Epoch 33/200:
--------
Negative ELBO: 185.6192 | Recon Loss: 184.6721 | KL: 29.1409
Epoch 34/200:
--------
Negative ELBO: 185.7643 | Recon Loss: 184.7464 | KL: 29.0845
Epoch 35/200:
--------
Negative ELBO: 185.9079 | Recon Loss: 184.8179 | KL: 29.0651
Negative ELBO: 185.0343 | Recon Loss: 183.9390 | KL: 29.2061
Epoch 36/200:
--------
Negative ELBO: 185.8240 | Recon Loss: 184.6639 | KL: 29.0022
Epoch 37/200:
--------
Negative ELBO: 185.9735 | Recon Loss: 184.7400 | KL: 29.0232
Epoch 38/200:
--------
Negative ELBO: 186.0529 | Recon Loss: 184.7468 | KL: 29.0239
Epoch 39/200:
--------
Negative ELBO: 186.1547 | Recon Loss: 184.7791 | KL: 28.9608
Epoch 40/200:
--------
Negative ELBO: 186.1782 | Recon Loss: 184.7292 | KL: 28.9782
Negative ELBO: 185.4879 | Recon Loss: 184.0404 | KL: 28.9508
Epoch 41/200:
--------
Negative ELBO: 186.2677 | Recon Loss: 184.7484 | KL: 28.9398
Epoch 42/200:
--------
Negative ELBO: 186.3542 | Recon Loss: 184.7647 | KL: 28.8998
Epoch 43/200:
--------
Negative ELBO: 186.4653 | Recon Loss: 184.8017 | KL: 28.9324
Epoch 44/200:
--------
Negative ELBO: 186.2591 | Recon Loss: 184.5226 | KL: 28.9421
Epoch 45/200:
--------
Negative ELBO: 186.5336 | Recon Loss: 184.7253 | KL: 28.9331
Negative ELBO: 186.2024 | Recon Loss: 184.3962 | KL: 28.8988
Epoch 46/200:
--------
Negative ELBO: 186.6647 | Recon Loss: 184.7857 | KL: 28.9089
Epoch 47/200:
--------
Negative ELBO: 186.4824 | Recon Loss: 184.5340 | KL: 28.8658
Epoch 48/200:
--------
Negative ELBO: 186.7174 | Recon Loss: 184.6973 | KL: 28.8589
Epoch 49/200:
--------
Negative ELBO: 186.9429 | Recon Loss: 184.8518 | KL: 28.8432
Epoch 50/200:
--------
Negative ELBO: 186.9445 | Recon Loss: 184.7820 | KL: 28.8333
Negative ELBO: 186.2199 | Recon Loss: 184.0548 | KL: 28.8676
Epoch 51/200:
--------
Negative ELBO: 186.9917 | Recon Loss: 184.7594 | KL: 28.8044
Epoch 52/200:
--------
Negative ELBO: 187.1242 | Recon Loss: 184.8206 | KL: 28.7955
Epoch 53/200:
--------
Negative ELBO: 187.1248 | Recon Loss: 184.7476 | KL: 28.8142
Epoch 54/200:
--------
Negative ELBO: 187.1932 | Recon Loss: 184.7458 | KL: 28.7928
Epoch 55/200:
--------
Negative ELBO: 187.2660 | Recon Loss: 184.7468 | KL: 28.7905
Negative ELBO: 186.6339 | Recon Loss: 184.1100 | KL: 28.8440
Epoch 56/200:
--------
Negative ELBO: 187.3199 | Recon Loss: 184.7250 | KL: 28.8314
Epoch 57/200:
--------
Negative ELBO: 187.3348 | Recon Loss: 184.6714 | KL: 28.7938
Epoch 58/200:
--------
Negative ELBO: 187.5773 | Recon Loss: 184.8448 | KL: 28.7640
Epoch 59/200:
--------
Negative ELBO: 187.6019 | Recon Loss: 184.8008 | KL: 28.7293
Epoch 60/200:
--------
Negative ELBO: 187.7754 | Recon Loss: 184.9076 | KL: 28.6783
Negative ELBO: 187.0857 | Recon Loss: 184.2124 | KL: 28.7333
Epoch 61/200:
--------
Negative ELBO: 187.5338 | Recon Loss: 184.6684 | KL: 28.6542
Epoch 62/200:
--------
Negative ELBO: 187.4072 | Recon Loss: 184.5483 | KL: 28.5895
Epoch 63/200:
--------
Negative ELBO: 187.5647 | Recon Loss: 184.7094 | KL: 28.5528
Epoch 64/200:
--------
Negative ELBO: 187.5755 | Recon Loss: 184.7199 | KL: 28.5565
Epoch 65/200:
--------
Negative ELBO: 187.2411 | Recon Loss: 184.3921 | KL: 28.4900
Negative ELBO: 186.4716 | Recon Loss: 183.6276 | KL: 28.4400
Epoch 66/200:
--------
Negative ELBO: 187.0675 | Recon Loss: 184.2393 | KL: 28.2818
Epoch 67/200:
--------
Negative ELBO: 186.7374 | Recon Loss: 183.9358 | KL: 28.0159
Epoch 68/200:
--------
Negative ELBO: 186.6922 | Recon Loss: 183.9022 | KL: 27.8997
Epoch 69/200:
--------
Negative ELBO: 186.5406 | Recon Loss: 183.7459 | KL: 27.9474
Epoch 70/200:
--------
Negative ELBO: 186.4125 | Recon Loss: 183.6288 | KL: 27.8372
Negative ELBO: 186.2185 | Recon Loss: 183.4327 | KL: 27.8586
Epoch 71/200:
--------
Negative ELBO: 186.5165 | Recon Loss: 183.7347 | KL: 27.8180
Epoch 72/200:
--------
Negative ELBO: 186.5980 | Recon Loss: 183.8244 | KL: 27.7367
Epoch 73/200:
--------
Negative ELBO: 186.5467 | Recon Loss: 183.7705 | KL: 27.7615
Epoch 74/200:
--------
Negative ELBO: 186.2578 | Recon Loss: 183.4839 | KL: 27.7388
Epoch 75/200:
--------
Negative ELBO: 186.5255 | Recon Loss: 183.7657 | KL: 27.5979
Negative ELBO: 185.9724 | Recon Loss: 183.2014 | KL: 27.7098
Epoch 76/200:
--------
Negative ELBO: 186.4838 | Recon Loss: 183.7232 | KL: 27.6062
Epoch 77/200:
--------
Negative ELBO: 186.3599 | Recon Loss: 183.5960 | KL: 27.6385
Epoch 78/200:
--------
Negative ELBO: 186.4073 | Recon Loss: 183.6479 | KL: 27.5945
Epoch 79/200:
--------
Negative ELBO: 186.1918 | Recon Loss: 183.4357 | KL: 27.5618
Epoch 80/200:
--------
Negative ELBO: 186.1883 | Recon Loss: 183.4268 | KL: 27.6155
Negative ELBO: 185.6337 | Recon Loss: 182.8708 | KL: 27.6296
Epoch 81/200:
--------
Negative ELBO: 186.2491 | Recon Loss: 183.4980 | KL: 27.5103
Epoch 82/200:
--------
Negative ELBO: 186.1352 | Recon Loss: 183.3863 | KL: 27.4891
Epoch 83/200:
--------
Negative ELBO: 186.2644 | Recon Loss: 183.5181 | KL: 27.4628
Epoch 84/200:
--------
Negative ELBO: 186.0400 | Recon Loss: 183.2948 | KL: 27.4522
Epoch 85/200:
--------
Negative ELBO: 186.0875 | Recon Loss: 183.3374 | KL: 27.5008
Negative ELBO: 185.5006 | Recon Loss: 182.7552 | KL: 27.4534
Epoch 86/200:
--------
Negative ELBO: 185.9870 | Recon Loss: 183.2444 | KL: 27.4259
Epoch 87/200:
--------
Negative ELBO: 185.9700 | Recon Loss: 183.2287 | KL: 27.4130
Epoch 88/200:
--------
Negative ELBO: 186.1316 | Recon Loss: 183.3910 | KL: 27.4056
Epoch 89/200:
--------
Negative ELBO: 186.0980 | Recon Loss: 183.3653 | KL: 27.3268
Epoch 90/200:
--------
Negative ELBO: 185.7958 | Recon Loss: 183.0694 | KL: 27.2645
Negative ELBO: 185.2651 | Recon Loss: 182.5449 | KL: 27.2018
Epoch 91/200:
--------
Negative ELBO: 185.9506 | Recon Loss: 183.2253 | KL: 27.2535
Epoch 92/200:
--------
Negative ELBO: 185.8126 | Recon Loss: 183.0860 | KL: 27.2660
Epoch 93/200:
--------
Negative ELBO: 185.8367 | Recon Loss: 183.1100 | KL: 27.2668
Epoch 94/200:
--------
Negative ELBO: 185.9036 | Recon Loss: 183.1796 | KL: 27.2396
Epoch 95/200:
--------
Negative ELBO: 185.9622 | Recon Loss: 183.2458 | KL: 27.1646
Negative ELBO: 185.9631 | Recon Loss: 183.2531 | KL: 27.0999
Epoch 96/200:
--------
Negative ELBO: 185.8266 | Recon Loss: 183.1084 | KL: 27.1817
Epoch 97/200:
--------
Negative ELBO: 186.0917 | Recon Loss: 183.3841 | KL: 27.0770
Epoch 98/200:
--------
Negative ELBO: 185.8522 | Recon Loss: 183.1441 | KL: 27.0809
Epoch 99/200:
--------
Negative ELBO: 185.8469 | Recon Loss: 183.1387 | KL: 27.0817
Epoch 100/200:
--------
Negative ELBO: 185.8143 | Recon Loss: 183.0991 | KL: 27.1516
Negative ELBO: 185.7050 | Recon Loss: 182.9986 | KL: 27.0633
Epoch 101/200:
--------
Negative ELBO: 185.9612 | Recon Loss: 183.2484 | KL: 27.1277
Epoch 102/200:
--------
Negative ELBO: 185.7722 | Recon Loss: 183.0611 | KL: 27.1105
Epoch 103/200:
--------
Negative ELBO: 185.8927 | Recon Loss: 183.1820 | KL: 27.1071
Epoch 104/200:
--------
Negative ELBO: 185.8147 | Recon Loss: 183.1039 | KL: 27.1085
Epoch 105/200:
--------
Negative ELBO: 185.8705 | Recon Loss: 183.1546 | KL: 27.1589
Negative ELBO: 185.5872 | Recon Loss: 182.8881 | KL: 26.9910
Epoch 106/200:
--------
Negative ELBO: 185.9028 | Recon Loss: 183.1981 | KL: 27.0471
Epoch 107/200:
--------
Negative ELBO: 185.8812 | Recon Loss: 183.1813 | KL: 26.9991
Epoch 108/200:
--------
Negative ELBO: 185.9646 | Recon Loss: 183.2625 | KL: 27.0203
Epoch 109/200:
--------
Negative ELBO: 185.9711 | Recon Loss: 183.2687 | KL: 27.0247
Epoch 110/200:
--------
Negative ELBO: 185.9176 | Recon Loss: 183.2140 | KL: 27.0363
Negative ELBO: 185.4015 | Recon Loss: 182.7028 | KL: 26.9875
Epoch 111/200:
--------
Negative ELBO: 185.9515 | Recon Loss: 183.2439 | KL: 27.0762
Epoch 112/200:
--------
Negative ELBO: 185.9654 | Recon Loss: 183.2606 | KL: 27.0474
Epoch 113/200:
--------
Negative ELBO: 185.8691 | Recon Loss: 183.1629 | KL: 27.0613
Epoch 114/200:
--------
Negative ELBO: 186.0397 | Recon Loss: 183.3330 | KL: 27.0667
Epoch 115/200:
--------
Negative ELBO: 186.0151 | Recon Loss: 183.3117 | KL: 27.0348
Negative ELBO: 185.4730 | Recon Loss: 182.7738 | KL: 26.9915
Epoch 116/200:
--------
Negative ELBO: 185.8823 | Recon Loss: 183.1708 | KL: 27.1158
Epoch 117/200:
--------
Negative ELBO: 186.1408 | Recon Loss: 183.4390 | KL: 27.0174
Epoch 118/200:
--------
Negative ELBO: 185.8000 | Recon Loss: 183.1008 | KL: 26.9923
Epoch 119/200:
--------
Negative ELBO: 185.8755 | Recon Loss: 183.1710 | KL: 27.0454
Epoch 120/200:
--------
Negative ELBO: 185.9539 | Recon Loss: 183.2464 | KL: 27.0758
Negative ELBO: 185.0080 | Recon Loss: 182.2998 | KL: 27.0822
Epoch 121/200:
--------
Negative ELBO: 185.7978 | Recon Loss: 183.0904 | KL: 27.0735
Epoch 122/200:
--------
Negative ELBO: 185.9321 | Recon Loss: 183.2334 | KL: 26.9870
Epoch 123/200:
--------
Negative ELBO: 185.9198 | Recon Loss: 183.2193 | KL: 27.0058
Epoch 124/200:
--------
Negative ELBO: 185.7527 | Recon Loss: 183.0548 | KL: 26.9785
Epoch 125/200:
--------
Negative ELBO: 185.9289 | Recon Loss: 183.2277 | KL: 27.0116
Negative ELBO: 185.7135 | Recon Loss: 183.0238 | KL: 26.8973
Epoch 126/200:
--------
Negative ELBO: 185.8144 | Recon Loss: 183.1135 | KL: 27.0087
Epoch 127/200:
--------
Negative ELBO: 185.8767 | Recon Loss: 183.1862 | KL: 26.9049
Epoch 128/200:
--------
Negative ELBO: 185.9320 | Recon Loss: 183.2410 | KL: 26.9102
Epoch 129/200:
--------
Negative ELBO: 185.8614 | Recon Loss: 183.1677 | KL: 26.9366
Epoch 130/200:
--------
Negative ELBO: 185.9298 | Recon Loss: 183.2352 | KL: 26.9466
Negative ELBO: 185.4805 | Recon Loss: 182.7858 | KL: 26.9471
Epoch 131/200:
--------
Negative ELBO: 185.8783 | Recon Loss: 183.1752 | KL: 27.0307
Epoch 132/200:
--------
Negative ELBO: 185.7994 | Recon Loss: 183.0973 | KL: 27.0211
Epoch 133/200:
--------
Negative ELBO: 185.9792 | Recon Loss: 183.2825 | KL: 26.9669
Epoch 134/200:
--------
Negative ELBO: 185.9699 | Recon Loss: 183.2778 | KL: 26.9210
Epoch 135/200:
--------
Negative ELBO: 185.8077 | Recon Loss: 183.1144 | KL: 26.9331
Negative ELBO: 185.7743 | Recon Loss: 183.0933 | KL: 26.8108
Epoch 136/200:
--------
Negative ELBO: 185.9299 | Recon Loss: 183.2358 | KL: 26.9414
Epoch 137/200:
--------
Negative ELBO: 185.8323 | Recon Loss: 183.1308 | KL: 27.0149
Epoch 138/200:
--------
Negative ELBO: 185.8660 | Recon Loss: 183.1685 | KL: 26.9748
Epoch 139/200:
--------
Negative ELBO: 185.8537 | Recon Loss: 183.1550 | KL: 26.9863
Epoch 140/200:
--------
Negative ELBO: 185.8189 | Recon Loss: 183.1236 | KL: 26.9524
Negative ELBO: 185.2746 | Recon Loss: 182.5909 | KL: 26.8363
Epoch 141/200:
--------
Negative ELBO: 186.0954 | Recon Loss: 183.4009 | KL: 26.9454
Epoch 142/200:
--------
Negative ELBO: 185.8690 | Recon Loss: 183.1809 | KL: 26.8803
Epoch 143/200:
--------
Negative ELBO: 185.9337 | Recon Loss: 183.2495 | KL: 26.8421
Epoch 144/200:
--------
Negative ELBO: 185.8101 | Recon Loss: 183.1256 | KL: 26.8449
Epoch 145/200:
--------
Negative ELBO: 186.1443 | Recon Loss: 183.4627 | KL: 26.8161
Negative ELBO: 184.9713 | Recon Loss: 182.2849 | KL: 26.8634
Epoch 146/200:
--------
Negative ELBO: 185.8190 | Recon Loss: 183.1313 | KL: 26.8773
Epoch 147/200:
--------
Negative ELBO: 185.7989 | Recon Loss: 183.1127 | KL: 26.8622
Epoch 148/200:
--------
Negative ELBO: 185.9404 | Recon Loss: 183.2499 | KL: 26.9049
Epoch 149/200:
--------
Negative ELBO: 185.8321 | Recon Loss: 183.1332 | KL: 26.9891
Epoch 150/200:
--------
Negative ELBO: 185.8375 | Recon Loss: 183.1418 | KL: 26.9574
Negative ELBO: 185.4578 | Recon Loss: 182.7594 | KL: 26.9841
Epoch 151/200:
--------
Negative ELBO: 185.6388 | Recon Loss: 182.9429 | KL: 26.9592
Epoch 152/200:
--------
Negative ELBO: 185.9421 | Recon Loss: 183.2511 | KL: 26.9097
Epoch 153/200:
--------
Negative ELBO: 185.9382 | Recon Loss: 183.2365 | KL: 27.0169
Epoch 154/200:
--------
Negative ELBO: 185.9586 | Recon Loss: 183.2583 | KL: 27.0031
Epoch 155/200:
--------
Negative ELBO: 185.7799 | Recon Loss: 183.0771 | KL: 27.0283
Negative ELBO: 185.3602 | Recon Loss: 182.6651 | KL: 26.9512
Epoch 156/200:
--------
Negative ELBO: 185.8017 | Recon Loss: 183.1046 | KL: 26.9706
Epoch 157/200:
--------
Negative ELBO: 186.0210 | Recon Loss: 183.3281 | KL: 26.9284
Epoch 158/200:
--------
Negative ELBO: 185.8453 | Recon Loss: 183.1508 | KL: 26.9445
Epoch 159/200:
--------
Negative ELBO: 185.7017 | Recon Loss: 183.0025 | KL: 26.9917
Epoch 160/200:
--------
Negative ELBO: 185.9310 | Recon Loss: 183.2293 | KL: 27.0170
Negative ELBO: 185.4787 | Recon Loss: 182.7822 | KL: 26.9646
Epoch 161/200:
--------
Negative ELBO: 185.8095 | Recon Loss: 183.1069 | KL: 27.0260
Epoch 162/200:
--------
Negative ELBO: 185.7185 | Recon Loss: 183.0159 | KL: 27.0259
Epoch 163/200:
--------
Negative ELBO: 185.9634 | Recon Loss: 183.2698 | KL: 26.9358
Epoch 164/200:
--------
Negative ELBO: 185.8964 | Recon Loss: 183.2061 | KL: 26.9034
Epoch 165/200:
--------
Negative ELBO: 186.0014 | Recon Loss: 183.3156 | KL: 26.8578
Negative ELBO: 185.1691 | Recon Loss: 182.4845 | KL: 26.8460
Epoch 166/200:
--------
Negative ELBO: 185.8917 | Recon Loss: 183.1981 | KL: 26.9361
Epoch 167/200:
--------
Negative ELBO: 185.9839 | Recon Loss: 183.2891 | KL: 26.9484
Epoch 168/200:
--------
Negative ELBO: 185.9248 | Recon Loss: 183.2266 | KL: 26.9828
Epoch 169/200:
--------
Negative ELBO: 185.7897 | Recon Loss: 183.0917 | KL: 26.9795
Epoch 170/200:
--------
Negative ELBO: 185.9925 | Recon Loss: 183.2937 | KL: 26.9877
Negative ELBO: 184.9731 | Recon Loss: 182.2724 | KL: 27.0067
Epoch 171/200:
--------
Negative ELBO: 185.9597 | Recon Loss: 183.2624 | KL: 26.9738
Epoch 172/200:
--------
Negative ELBO: 185.9784 | Recon Loss: 183.2807 | KL: 26.9774
Epoch 173/200:
--------
Negative ELBO: 186.0023 | Recon Loss: 183.3039 | KL: 26.9841
Epoch 174/200:
--------
Negative ELBO: 185.9614 | Recon Loss: 183.2688 | KL: 26.9259
Epoch 175/200:
--------
Negative ELBO: 185.7874 | Recon Loss: 183.0885 | KL: 26.9890
Negative ELBO: 185.3649 | Recon Loss: 182.6798 | KL: 26.8509
Epoch 176/200:
--------
Negative ELBO: 185.8298 | Recon Loss: 183.1371 | KL: 26.9274
Epoch 177/200:
--------
Negative ELBO: 185.8759 | Recon Loss: 183.1913 | KL: 26.8453
Epoch 178/200:
--------
Negative ELBO: 185.8367 | Recon Loss: 183.1531 | KL: 26.8359
Epoch 179/200:
--------
Negative ELBO: 185.8369 | Recon Loss: 183.1497 | KL: 26.8717
Epoch 180/200:
--------
Negative ELBO: 185.8535 | Recon Loss: 183.1642 | KL: 26.8929
Negative ELBO: 186.0308 | Recon Loss: 183.3612 | KL: 26.6968
Epoch 181/200:
--------
Negative ELBO: 185.8765 | Recon Loss: 183.1877 | KL: 26.8884
Epoch 182/200:
--------
Negative ELBO: 185.7969 | Recon Loss: 183.1011 | KL: 26.9574
Epoch 183/200:
--------
Negative ELBO: 185.6569 | Recon Loss: 182.9631 | KL: 26.9382
Epoch 184/200:
--------
Negative ELBO: 185.8076 | Recon Loss: 183.1177 | KL: 26.8996
Epoch 185/200:
--------
Negative ELBO: 185.7404 | Recon Loss: 183.0467 | KL: 26.9368
Negative ELBO: 185.7005 | Recon Loss: 183.0173 | KL: 26.8322
Epoch 186/200:
--------
Negative ELBO: 185.8679 | Recon Loss: 183.1744 | KL: 26.9353
Epoch 187/200:
--------
Negative ELBO: 185.8347 | Recon Loss: 183.1437 | KL: 26.9094
Epoch 188/200:
--------
Negative ELBO: 185.8539 | Recon Loss: 183.1627 | KL: 26.9117
Epoch 189/200:
--------
Negative ELBO: 185.8518 | Recon Loss: 183.1581 | KL: 26.9369
Epoch 190/200:
--------
Negative ELBO: 185.8725 | Recon Loss: 183.1810 | KL: 26.9144
Negative ELBO: 185.2881 | Recon Loss: 182.6026 | KL: 26.8550
Epoch 191/200:
--------
Negative ELBO: 185.8341 | Recon Loss: 183.1412 | KL: 26.9282
Epoch 192/200:
--------
Negative ELBO: 185.8528 | Recon Loss: 183.1628 | KL: 26.9003
Epoch 193/200:
--------
Negative ELBO: 185.8079 | Recon Loss: 183.1220 | KL: 26.8588
Epoch 194/200:
--------
Negative ELBO: 185.9193 | Recon Loss: 183.2350 | KL: 26.8425
Epoch 195/200:
--------
Negative ELBO: 185.8419 | Recon Loss: 183.1590 | KL: 26.8289
Negative ELBO: 185.0155 | Recon Loss: 182.3347 | KL: 26.8082
Epoch 196/200:
--------
Negative ELBO: 185.9963 | Recon Loss: 183.3126 | KL: 26.8367
Epoch 197/200:
--------
Negative ELBO: 185.8308 | Recon Loss: 183.1433 | KL: 26.8749
Epoch 198/200:
--------
Negative ELBO: 186.0278 | Recon Loss: 183.3395 | KL: 26.8829
Epoch 199/200:
--------
Negative ELBO: 185.7111 | Recon Loss: 183.0230 | KL: 26.8810
<IPython.core.display.Image object>
[2K[2K-------------
Test Results:
Negative ELBO: 185.0689 | Recon Loss: 182.3853 | KL: 26.8359
Estimated NLL (Monte Carlo, K=500): 195.7859
Traceback (most recent call last):
  File "/zhome/7f/5/168608/CCVAE/GMVAE/CCVAE_new_script.py", line 696, in <module>
    generate_plots(model, test_loader)
  File "/zhome/7f/5/168608/CCVAE/GMVAE/CCVAE_new_script.py", line 655, in generate_plots
    plt.savefig(f"plots/cc_{model.latent_dim}_tSNE.svg", format="svg", bbox_inches='tight')
  File "/zhome/7f/5/168608/DLenv/lib64/python3.9/site-packages/matplotlib/pyplot.py", line 1228, in savefig
    res = fig.savefig(*args, **kwargs)  # type: ignore[func-returns-value]
  File "/zhome/7f/5/168608/DLenv/lib64/python3.9/site-packages/matplotlib/figure.py", line 3395, in savefig
    self.canvas.print_figure(fname, **kwargs)
  File "/zhome/7f/5/168608/DLenv/lib64/python3.9/site-packages/matplotlib/backend_bases.py", line 2204, in print_figure
    result = print_method(
  File "/zhome/7f/5/168608/DLenv/lib64/python3.9/site-packages/matplotlib/backend_bases.py", line 2054, in <lambda>
    print_method = functools.wraps(meth)(lambda *args, **kwargs: meth(
  File "/zhome/7f/5/168608/DLenv/lib64/python3.9/site-packages/matplotlib/backends/backend_svg.py", line 1328, in print_svg
    with cbook.open_file_cm(filename, "w", encoding="utf-8") as fh:
  File "/zhome/7f/5/168608/DLenv/lib64/python3.9/site-packages/matplotlib/cbook.py", line 497, in open_file_cm
    fh, opened = to_filehandle(path_or_file, mode, True, encoding)
  File "/zhome/7f/5/168608/DLenv/lib64/python3.9/site-packages/matplotlib/cbook.py", line 483, in to_filehandle
    fh = open(fname, flag, encoding=encoding)
FileNotFoundError: [Errno 2] No such file or directory: 'plots/cc_10_tSNE.svg'
