Clipping input data to the valid range for imshow with RGB data ([0..1] for floats or [0..255] for integers). Got range [-57.029385..1.4705887].
Current device: cuda
Using learning rate: 0.0005, hidden dim: 512
Training CCVAE with latent dim: 10
used numbers: [0, 1, 2, 3, 4, 5, 6, 7, 8, 9]
epochs : 200
Epoch 0/200:
--------
Negative ELBO: 245.1397 | Recon Loss: 245.1397 | KL: 59.4611
Negative ELBO: 195.5228 | Recon Loss: 195.5228 | KL: 41.5231
Epoch 1/200:
--------
Negative ELBO: 193.3575 | Recon Loss: 193.3575 | KL: 38.1468
Epoch 2/200:
--------
Negative ELBO: 189.2922 | Recon Loss: 189.2922 | KL: 31.8940
Epoch 3/200:
--------
Negative ELBO: 188.7745 | Recon Loss: 188.7745 | KL: 30.2914
Epoch 4/200:
--------
Negative ELBO: 188.3673 | Recon Loss: 188.3673 | KL: 29.5676
Epoch 5/200:
--------
Negative ELBO: 188.3413 | Recon Loss: 188.3413 | KL: 29.1950
Negative ELBO: 187.6476 | Recon Loss: 187.6476 | KL: 28.9477
Epoch 6/200:
--------
Negative ELBO: 188.1040 | Recon Loss: 188.1040 | KL: 28.8967
Epoch 7/200:
--------
Negative ELBO: 187.9868 | Recon Loss: 187.9868 | KL: 28.8140
Epoch 8/200:
--------
Negative ELBO: 188.0701 | Recon Loss: 188.0701 | KL: 28.6644
Epoch 9/200:
--------
Negative ELBO: 187.9367 | Recon Loss: 187.9367 | KL: 28.5234
Epoch 10/200:
--------
Negative ELBO: 187.9004 | Recon Loss: 187.9004 | KL: 28.5071
Negative ELBO: 187.1063 | Recon Loss: 187.1063 | KL: 28.4275
Epoch 11/200:
--------
Negative ELBO: 187.8408 | Recon Loss: 187.8408 | KL: 28.4894
Epoch 12/200:
--------
Negative ELBO: 187.7662 | Recon Loss: 187.7662 | KL: 28.4676
Epoch 13/200:
--------
Negative ELBO: 187.7078 | Recon Loss: 187.7078 | KL: 28.4094
Epoch 14/200:
--------
Negative ELBO: 187.6779 | Recon Loss: 187.6779 | KL: 28.3400
Epoch 15/200:
--------
Negative ELBO: 187.8072 | Recon Loss: 187.8072 | KL: 28.2483
Negative ELBO: 187.0011 | Recon Loss: 187.0011 | KL: 28.1008
Epoch 16/200:
--------
Negative ELBO: 187.5451 | Recon Loss: 187.5451 | KL: 28.2576
Epoch 17/200:
--------
Negative ELBO: 187.5564 | Recon Loss: 187.5564 | KL: 28.2607
Epoch 18/200:
--------
Negative ELBO: 187.6484 | Recon Loss: 187.6484 | KL: 28.1949
Epoch 19/200:
--------
Negative ELBO: 187.4315 | Recon Loss: 187.4315 | KL: 28.1999
Epoch 20/200:
--------
Negative ELBO: 187.5754 | Recon Loss: 187.5754 | KL: 28.1074
Negative ELBO: 186.6342 | Recon Loss: 186.6342 | KL: 27.9982
Epoch 21/200:
--------
Negative ELBO: 187.6577 | Recon Loss: 187.5874 | KL: 28.1287
Epoch 22/200:
--------
Negative ELBO: 187.7796 | Recon Loss: 187.6399 | KL: 27.9474
Epoch 23/200:
--------
Negative ELBO: 187.7390 | Recon Loss: 187.5293 | KL: 27.9537
Epoch 24/200:
--------
Negative ELBO: 187.7459 | Recon Loss: 187.4661 | KL: 27.9769
Epoch 25/200:
--------
Negative ELBO: 187.8417 | Recon Loss: 187.4922 | KL: 27.9610
Negative ELBO: 186.8157 | Recon Loss: 186.4680 | KL: 27.8115
Epoch 26/200:
--------
Negative ELBO: 187.8104 | Recon Loss: 187.3919 | KL: 27.8990
Epoch 27/200:
--------
Negative ELBO: 188.0448 | Recon Loss: 187.5578 | KL: 27.8274
Epoch 28/200:
--------
Negative ELBO: 188.0407 | Recon Loss: 187.4835 | KL: 27.8572
Epoch 29/200:
--------
Negative ELBO: 188.1203 | Recon Loss: 187.4950 | KL: 27.7928
Epoch 30/200:
--------
Negative ELBO: 188.2641 | Recon Loss: 187.5696 | KL: 27.7805
Negative ELBO: 187.6937 | Recon Loss: 187.0002 | KL: 27.7367
Epoch 31/200:
--------
Negative ELBO: 188.2479 | Recon Loss: 187.4831 | KL: 27.8084
Epoch 32/200:
--------
Negative ELBO: 188.3248 | Recon Loss: 187.4920 | KL: 27.7593
Epoch 33/200:
--------
Negative ELBO: 188.2484 | Recon Loss: 187.3468 | KL: 27.7413
Epoch 34/200:
--------
Negative ELBO: 188.4405 | Recon Loss: 187.4703 | KL: 27.7209
Epoch 35/200:
--------
Negative ELBO: 188.4177 | Recon Loss: 187.3810 | KL: 27.6448
Negative ELBO: 187.5230 | Recon Loss: 186.4943 | KL: 27.4322
Epoch 36/200:
--------
Negative ELBO: 188.6157 | Recon Loss: 187.5082 | KL: 27.6881
Epoch 37/200:
--------
Negative ELBO: 188.5299 | Recon Loss: 187.3551 | KL: 27.6409
Epoch 38/200:
--------
Negative ELBO: 188.6782 | Recon Loss: 187.4343 | KL: 27.6437
Epoch 39/200:
--------
Negative ELBO: 188.6838 | Recon Loss: 187.3705 | KL: 27.6470
Epoch 40/200:
--------
Negative ELBO: 188.9437 | Recon Loss: 187.5643 | KL: 27.5872
Negative ELBO: 188.3630 | Recon Loss: 186.9956 | KL: 27.3481
Epoch 41/200:
--------
Negative ELBO: 188.8696 | Recon Loss: 187.4228 | KL: 27.5580
Epoch 42/200:
--------
Negative ELBO: 188.9490 | Recon Loss: 187.4331 | KL: 27.5620
Epoch 43/200:
--------
Negative ELBO: 189.0394 | Recon Loss: 187.4547 | KL: 27.5606
Epoch 44/200:
--------
Negative ELBO: 189.1777 | Recon Loss: 187.5309 | KL: 27.4458
Epoch 45/200:
--------
Negative ELBO: 189.2462 | Recon Loss: 187.5373 | KL: 27.3419
Negative ELBO: 188.0830 | Recon Loss: 186.3867 | KL: 27.1399
Epoch 46/200:
--------
Negative ELBO: 189.2309 | Recon Loss: 187.4533 | KL: 27.3475
Epoch 47/200:
--------
Negative ELBO: 189.2170 | Recon Loss: 187.3673 | KL: 27.4020
Epoch 48/200:
--------
Negative ELBO: 189.2591 | Recon Loss: 187.3413 | KL: 27.3972
Epoch 49/200:
--------
Negative ELBO: 189.4402 | Recon Loss: 187.4603 | KL: 27.3096
Epoch 50/200:
--------
Negative ELBO: 189.4431 | Recon Loss: 187.3982 | KL: 27.2649
Negative ELBO: 188.7054 | Recon Loss: 186.6663 | KL: 27.1877
Epoch 51/200:
--------
Negative ELBO: 189.6399 | Recon Loss: 187.5260 | KL: 27.2756
Epoch 52/200:
--------
Negative ELBO: 189.5416 | Recon Loss: 187.3603 | KL: 27.2656
Epoch 53/200:
--------
Negative ELBO: 189.6255 | Recon Loss: 187.3791 | KL: 27.2287
Epoch 54/200:
--------
Negative ELBO: 189.5130 | Recon Loss: 187.1985 | KL: 27.2297
Epoch 55/200:
--------
Negative ELBO: 189.6862 | Recon Loss: 187.3119 | KL: 27.1348
Negative ELBO: 188.9843 | Recon Loss: 186.6214 | KL: 27.0049
Epoch 56/200:
--------
Negative ELBO: 189.7837 | Recon Loss: 187.3422 | KL: 27.1274
Epoch 57/200:
--------
Negative ELBO: 189.8234 | Recon Loss: 187.3074 | KL: 27.1993
Epoch 58/200:
--------
Negative ELBO: 189.7938 | Recon Loss: 187.2181 | KL: 27.1118
Epoch 59/200:
--------
Negative ELBO: 190.0431 | Recon Loss: 187.3991 | KL: 27.1181
Epoch 60/200:
--------
Negative ELBO: 190.0243 | Recon Loss: 187.3178 | KL: 27.0644
Negative ELBO: 189.0296 | Recon Loss: 186.3389 | KL: 26.9076
Epoch 61/200:
--------
Negative ELBO: 189.9871 | Recon Loss: 187.2787 | KL: 27.0837
Epoch 62/200:
--------
Negative ELBO: 190.0681 | Recon Loss: 187.3630 | KL: 27.0507
Epoch 63/200:
--------
Negative ELBO: 190.0435 | Recon Loss: 187.3362 | KL: 27.0738
Epoch 64/200:
--------
Negative ELBO: 190.0532 | Recon Loss: 187.3512 | KL: 27.0199
Epoch 65/200:
--------
Negative ELBO: 190.0762 | Recon Loss: 187.3730 | KL: 27.0320
Negative ELBO: 189.3651 | Recon Loss: 186.6860 | KL: 26.7904
Epoch 66/200:
--------
Negative ELBO: 190.0148 | Recon Loss: 187.3183 | KL: 26.9652
Epoch 67/200:
--------
Negative ELBO: 190.2345 | Recon Loss: 187.5373 | KL: 26.9720
Epoch 68/200:
--------
Negative ELBO: 190.0980 | Recon Loss: 187.4003 | KL: 26.9768
Epoch 69/200:
--------
Negative ELBO: 190.1249 | Recon Loss: 187.4265 | KL: 26.9840
Epoch 70/200:
--------
Negative ELBO: 190.0199 | Recon Loss: 187.3197 | KL: 27.0016
Negative ELBO: 189.4592 | Recon Loss: 186.7744 | KL: 26.8476
Epoch 71/200:
--------
Negative ELBO: 190.0743 | Recon Loss: 187.3789 | KL: 26.9536
Epoch 72/200:
--------
Negative ELBO: 190.0100 | Recon Loss: 187.3195 | KL: 26.9049
Epoch 73/200:
--------
Negative ELBO: 189.8051 | Recon Loss: 187.1109 | KL: 26.9417
Epoch 74/200:
--------
Negative ELBO: 190.0090 | Recon Loss: 187.3116 | KL: 26.9743
Epoch 75/200:
--------
Negative ELBO: 189.9893 | Recon Loss: 187.2947 | KL: 26.9464
Negative ELBO: 189.0393 | Recon Loss: 186.3432 | KL: 26.9614
Epoch 76/200:
--------
Negative ELBO: 189.9722 | Recon Loss: 187.2734 | KL: 26.9881
Epoch 77/200:
--------
Negative ELBO: 190.0666 | Recon Loss: 187.3781 | KL: 26.8844
Epoch 78/200:
--------
Negative ELBO: 190.0062 | Recon Loss: 187.3158 | KL: 26.9038
Epoch 79/200:
--------
Negative ELBO: 190.0616 | Recon Loss: 187.3682 | KL: 26.9337
Epoch 80/200:
--------
Negative ELBO: 189.8474 | Recon Loss: 187.1524 | KL: 26.9504
Negative ELBO: 188.9679 | Recon Loss: 186.2820 | KL: 26.8589
Epoch 81/200:
--------
Negative ELBO: 190.0638 | Recon Loss: 187.3684 | KL: 26.9544
Epoch 82/200:
--------
Negative ELBO: 190.0641 | Recon Loss: 187.3809 | KL: 26.8324
Epoch 83/200:
--------
Negative ELBO: 189.9980 | Recon Loss: 187.3197 | KL: 26.7836
Epoch 84/200:
--------
Negative ELBO: 189.9265 | Recon Loss: 187.2523 | KL: 26.7423
Epoch 85/200:
--------
Negative ELBO: 189.9363 | Recon Loss: 187.2569 | KL: 26.7936
Negative ELBO: 188.8679 | Recon Loss: 186.2041 | KL: 26.6374
Epoch 86/200:
--------
Negative ELBO: 189.9777 | Recon Loss: 187.2980 | KL: 26.7970
Epoch 87/200:
--------
Negative ELBO: 189.9973 | Recon Loss: 187.3162 | KL: 26.8116
Epoch 88/200:
--------
Negative ELBO: 189.8480 | Recon Loss: 187.1671 | KL: 26.8090
Epoch 89/200:
--------
Negative ELBO: 189.9487 | Recon Loss: 187.2686 | KL: 26.8008
Epoch 90/200:
--------
Negative ELBO: 189.9100 | Recon Loss: 187.2317 | KL: 26.7833
Negative ELBO: 189.0526 | Recon Loss: 186.3864 | KL: 26.6613
Epoch 91/200:
--------
Negative ELBO: 189.9698 | Recon Loss: 187.2883 | KL: 26.8147
Epoch 92/200:
--------
Negative ELBO: 189.9677 | Recon Loss: 187.2951 | KL: 26.7267
Epoch 93/200:
--------
Negative ELBO: 189.9397 | Recon Loss: 187.2693 | KL: 26.7036
Epoch 94/200:
--------
Negative ELBO: 189.9575 | Recon Loss: 187.2812 | KL: 26.7625
Epoch 95/200:
--------
Negative ELBO: 189.9455 | Recon Loss: 187.2629 | KL: 26.8260
Negative ELBO: 189.0549 | Recon Loss: 186.3774 | KL: 26.7751
Epoch 96/200:
--------
Negative ELBO: 189.8335 | Recon Loss: 187.1436 | KL: 26.8990
Epoch 97/200:
--------
Negative ELBO: 189.9927 | Recon Loss: 187.3045 | KL: 26.8815
Epoch 98/200:
--------
Negative ELBO: 189.9668 | Recon Loss: 187.2847 | KL: 26.8214
Epoch 99/200:
--------
Negative ELBO: 189.9491 | Recon Loss: 187.2715 | KL: 26.7766
Epoch 100/200:
--------
Negative ELBO: 189.9370 | Recon Loss: 187.2595 | KL: 26.7749
Negative ELBO: 188.8875 | Recon Loss: 186.2120 | KL: 26.7546
Epoch 101/200:
--------
Negative ELBO: 189.9788 | Recon Loss: 187.3077 | KL: 26.7106
Epoch 102/200:
--------
Negative ELBO: 189.9395 | Recon Loss: 187.2647 | KL: 26.7478
Epoch 103/200:
--------
Negative ELBO: 189.9810 | Recon Loss: 187.3104 | KL: 26.7061
Epoch 104/200:
--------
Negative ELBO: 189.8980 | Recon Loss: 187.2195 | KL: 26.7855
Epoch 105/200:
--------
Negative ELBO: 189.9443 | Recon Loss: 187.2668 | KL: 26.7756
Negative ELBO: 188.8166 | Recon Loss: 186.1521 | KL: 26.6455
Epoch 106/200:
--------
Negative ELBO: 189.9033 | Recon Loss: 187.2235 | KL: 26.7980
Epoch 107/200:
--------
Negative ELBO: 189.9527 | Recon Loss: 187.2721 | KL: 26.8056
Epoch 108/200:
--------
Negative ELBO: 189.9617 | Recon Loss: 187.2855 | KL: 26.7625
Epoch 109/200:
--------
Negative ELBO: 189.9049 | Recon Loss: 187.2322 | KL: 26.7267
Epoch 110/200:
--------
Negative ELBO: 189.8402 | Recon Loss: 187.1712 | KL: 26.6895
Negative ELBO: 189.0522 | Recon Loss: 186.4031 | KL: 26.4914
Epoch 111/200:
--------
Negative ELBO: 189.9585 | Recon Loss: 187.2972 | KL: 26.6129
Epoch 112/200:
--------
Negative ELBO: 189.7825 | Recon Loss: 187.1198 | KL: 26.6274
Epoch 113/200:
--------
Negative ELBO: 189.8044 | Recon Loss: 187.1383 | KL: 26.6608
Epoch 114/200:
--------
Negative ELBO: 189.9177 | Recon Loss: 187.2547 | KL: 26.6297
Epoch 115/200:
--------
Negative ELBO: 189.8456 | Recon Loss: 187.1796 | KL: 26.6601
Negative ELBO: 188.8215 | Recon Loss: 186.1665 | KL: 26.5501
Epoch 116/200:
--------
Negative ELBO: 189.8503 | Recon Loss: 187.1856 | KL: 26.6470
Epoch 117/200:
--------
Negative ELBO: 189.8421 | Recon Loss: 187.1755 | KL: 26.6657
Epoch 118/200:
--------
Negative ELBO: 189.8103 | Recon Loss: 187.1420 | KL: 26.6828
Epoch 119/200:
--------
Negative ELBO: 189.9277 | Recon Loss: 187.2533 | KL: 26.7435
Epoch 120/200:
--------
Negative ELBO: 189.8749 | Recon Loss: 187.2017 | KL: 26.7312
Negative ELBO: 188.9384 | Recon Loss: 186.2635 | KL: 26.7497
Epoch 121/200:
--------
Negative ELBO: 190.0439 | Recon Loss: 187.3689 | KL: 26.7503
Epoch 122/200:
--------
Negative ELBO: 189.8814 | Recon Loss: 187.2100 | KL: 26.7141
Epoch 123/200:
--------
Negative ELBO: 189.9235 | Recon Loss: 187.2594 | KL: 26.6403
Epoch 124/200:
--------
Negative ELBO: 189.9133 | Recon Loss: 187.2522 | KL: 26.6113
Epoch 125/200:
--------
Negative ELBO: 189.8917 | Recon Loss: 187.2267 | KL: 26.6492
Negative ELBO: 189.0754 | Recon Loss: 186.4232 | KL: 26.5227
Epoch 126/200:
--------
Negative ELBO: 189.8700 | Recon Loss: 187.2093 | KL: 26.6071
Epoch 127/200:
--------
Negative ELBO: 189.7831 | Recon Loss: 187.1234 | KL: 26.5964
Epoch 128/200:
--------
Negative ELBO: 189.8557 | Recon Loss: 187.1944 | KL: 26.6129
Epoch 129/200:
--------
Negative ELBO: 189.9017 | Recon Loss: 187.2111 | KL: 26.9062
Epoch 130/200:
--------
Negative ELBO: 189.9972 | Recon Loss: 187.3089 | KL: 26.8830
Negative ELBO: 189.0397 | Recon Loss: 186.3659 | KL: 26.7374
Epoch 131/200:
--------
Negative ELBO: 189.9881 | Recon Loss: 187.3005 | KL: 26.8765
Epoch 132/200:
--------
Negative ELBO: 190.0943 | Recon Loss: 187.4099 | KL: 26.8449
Epoch 133/200:
--------
Negative ELBO: 190.0661 | Recon Loss: 187.3819 | KL: 26.8417
Epoch 134/200:
--------
Negative ELBO: 189.8640 | Recon Loss: 187.1812 | KL: 26.8282
Epoch 135/200:
--------
Negative ELBO: 190.0496 | Recon Loss: 187.3679 | KL: 26.8164
Negative ELBO: 189.0431 | Recon Loss: 186.3754 | KL: 26.6772
Epoch 136/200:
--------
Negative ELBO: 189.8078 | Recon Loss: 187.1269 | KL: 26.8092
Epoch 137/200:
--------
Negative ELBO: 189.9339 | Recon Loss: 187.2566 | KL: 26.7721
Epoch 138/200:
--------
Negative ELBO: 189.9348 | Recon Loss: 187.2626 | KL: 26.7221
Epoch 139/200:
--------
Negative ELBO: 189.8663 | Recon Loss: 187.1950 | KL: 26.7136
Epoch 140/200:
--------
Negative ELBO: 189.8939 | Recon Loss: 187.2237 | KL: 26.7022
Negative ELBO: 189.1225 | Recon Loss: 186.4648 | KL: 26.5771
Epoch 141/200:
--------
Negative ELBO: 189.8297 | Recon Loss: 187.1610 | KL: 26.6876
Epoch 142/200:
--------
Negative ELBO: 189.7439 | Recon Loss: 187.0771 | KL: 26.6686
Epoch 143/200:
--------
Negative ELBO: 189.9513 | Recon Loss: 187.2843 | KL: 26.6706
Epoch 144/200:
--------
Negative ELBO: 189.8023 | Recon Loss: 187.1336 | KL: 26.6878
Epoch 145/200:
--------
Negative ELBO: 189.8786 | Recon Loss: 187.2145 | KL: 26.6412
Negative ELBO: 188.7392 | Recon Loss: 186.0829 | KL: 26.5633
Epoch 146/200:
--------
Negative ELBO: 189.8192 | Recon Loss: 187.1597 | KL: 26.5948
Epoch 147/200:
--------
Negative ELBO: 189.8106 | Recon Loss: 187.1489 | KL: 26.6174
Epoch 148/200:
--------
Negative ELBO: 189.8758 | Recon Loss: 187.2134 | KL: 26.6238
Epoch 149/200:
--------
Negative ELBO: 189.6932 | Recon Loss: 187.0323 | KL: 26.6082
Epoch 150/200:
--------
Negative ELBO: 189.8621 | Recon Loss: 187.2012 | KL: 26.6090
Negative ELBO: 188.9899 | Recon Loss: 186.3400 | KL: 26.4989
Epoch 151/200:
--------
Negative ELBO: 189.7832 | Recon Loss: 187.1235 | KL: 26.5965
Epoch 152/200:
--------
Negative ELBO: 189.7713 | Recon Loss: 187.1085 | KL: 26.6281
Epoch 153/200:
--------
Negative ELBO: 189.9021 | Recon Loss: 187.2411 | KL: 26.6094
Epoch 154/200:
--------
Negative ELBO: 189.7369 | Recon Loss: 187.0772 | KL: 26.5975
Epoch 155/200:
--------
Negative ELBO: 189.8418 | Recon Loss: 187.1820 | KL: 26.5981
Negative ELBO: 189.0544 | Recon Loss: 186.4014 | KL: 26.5297
Epoch 156/200:
--------
Negative ELBO: 189.6288 | Recon Loss: 186.9733 | KL: 26.5552
Epoch 157/200:
--------
Negative ELBO: 189.7756 | Recon Loss: 187.1177 | KL: 26.5793
Epoch 158/200:
--------
Negative ELBO: 189.7664 | Recon Loss: 187.1092 | KL: 26.5720
Epoch 159/200:
--------
Negative ELBO: 189.7800 | Recon Loss: 187.1253 | KL: 26.5474
Epoch 160/200:
--------
Negative ELBO: 189.9087 | Recon Loss: 187.2529 | KL: 26.5581
Negative ELBO: 188.8471 | Recon Loss: 186.2028 | KL: 26.4433
Epoch 161/200:
--------
Negative ELBO: 189.8532 | Recon Loss: 187.1921 | KL: 26.6114
Epoch 162/200:
--------
Negative ELBO: 189.8385 | Recon Loss: 187.1774 | KL: 26.6113
Epoch 163/200:
--------
Negative ELBO: 189.8533 | Recon Loss: 187.1877 | KL: 26.6560
Epoch 164/200:
--------
Negative ELBO: 189.8936 | Recon Loss: 187.2332 | KL: 26.6043
Epoch 165/200:
--------
Negative ELBO: 189.8149 | Recon Loss: 187.1568 | KL: 26.5807
Negative ELBO: 189.0853 | Recon Loss: 186.4399 | KL: 26.4542
Epoch 166/200:
--------
Negative ELBO: 189.8128 | Recon Loss: 187.1544 | KL: 26.5839
Epoch 167/200:
--------
Negative ELBO: 189.8327 | Recon Loss: 187.1726 | KL: 26.6017
Epoch 168/200:
--------
Negative ELBO: 189.7380 | Recon Loss: 187.0809 | KL: 26.5703
Epoch 169/200:
--------
Negative ELBO: 189.7913 | Recon Loss: 187.1356 | KL: 26.5571
Epoch 170/200:
--------
Negative ELBO: 189.8266 | Recon Loss: 187.1678 | KL: 26.5882
Negative ELBO: 189.1897 | Recon Loss: 186.5474 | KL: 26.4233
Epoch 171/200:
--------
Negative ELBO: 189.7566 | Recon Loss: 187.0996 | KL: 26.5699
Epoch 172/200:
--------
Negative ELBO: 189.8192 | Recon Loss: 187.1609 | KL: 26.5832
Epoch 173/200:
--------
Negative ELBO: 189.8801 | Recon Loss: 187.2243 | KL: 26.5580
Epoch 174/200:
--------
Negative ELBO: 189.7461 | Recon Loss: 187.0925 | KL: 26.5365
Epoch 175/200:
--------
Negative ELBO: 189.7402 | Recon Loss: 187.0806 | KL: 26.5962
Negative ELBO: 189.4218 | Recon Loss: 186.7775 | KL: 26.4426
Epoch 176/200:
--------
Negative ELBO: 189.6544 | Recon Loss: 186.9962 | KL: 26.5828
Epoch 177/200:
--------
Negative ELBO: 189.7949 | Recon Loss: 187.1429 | KL: 26.5201
Epoch 178/200:
--------
Negative ELBO: 189.7895 | Recon Loss: 187.1330 | KL: 26.5650
Epoch 179/200:
--------
Negative ELBO: 189.8456 | Recon Loss: 187.1901 | KL: 26.5549
Epoch 180/200:
--------
Negative ELBO: 189.8761 | Recon Loss: 187.2206 | KL: 26.5545
Negative ELBO: 188.9406 | Recon Loss: 186.2975 | KL: 26.4305
Epoch 181/200:
--------
Negative ELBO: 189.8645 | Recon Loss: 187.2081 | KL: 26.5642
Epoch 182/200:
--------
Negative ELBO: 189.7409 | Recon Loss: 187.0867 | KL: 26.5418
Epoch 183/200:
--------
Negative ELBO: 189.8813 | Recon Loss: 187.2268 | KL: 26.5452
Epoch 184/200:
--------
Negative ELBO: 189.8235 | Recon Loss: 187.1675 | KL: 26.5600
Epoch 185/200:
--------
Negative ELBO: 189.8906 | Recon Loss: 187.2396 | KL: 26.5106
Negative ELBO: 189.3029 | Recon Loss: 186.6734 | KL: 26.2950
Epoch 186/200:
--------
Negative ELBO: 189.7248 | Recon Loss: 187.0758 | KL: 26.4903
Epoch 187/200:
--------
Negative ELBO: 189.8107 | Recon Loss: 187.1718 | KL: 26.3892
Epoch 188/200:
--------
Negative ELBO: 189.7862 | Recon Loss: 187.1495 | KL: 26.3675
Epoch 189/200:
--------
Negative ELBO: 189.8725 | Recon Loss: 187.2303 | KL: 26.4221
Epoch 190/200:
--------
Negative ELBO: 189.8234 | Recon Loss: 187.1761 | KL: 26.4728
Negative ELBO: 188.9020 | Recon Loss: 186.2672 | KL: 26.3475
Epoch 191/200:
--------
Negative ELBO: 189.8926 | Recon Loss: 187.2495 | KL: 26.4318
Epoch 192/200:
--------
Negative ELBO: 189.7293 | Recon Loss: 187.0812 | KL: 26.4805
Epoch 193/200:
--------
Negative ELBO: 189.8038 | Recon Loss: 187.1534 | KL: 26.5045
Epoch 194/200:
--------
Negative ELBO: 189.7624 | Recon Loss: 187.1085 | KL: 26.5397
Epoch 195/200:
--------
Negative ELBO: 189.7949 | Recon Loss: 187.1468 | KL: 26.4804
Negative ELBO: 188.8914 | Recon Loss: 186.2524 | KL: 26.3897
Epoch 196/200:
--------
Negative ELBO: 189.8316 | Recon Loss: 187.1866 | KL: 26.4496
Epoch 197/200:
--------
Negative ELBO: 189.8437 | Recon Loss: 187.1990 | KL: 26.4464
Epoch 198/200:
--------
Negative ELBO: 189.7539 | Recon Loss: 187.1130 | KL: 26.4090
Epoch 199/200:
--------
Negative ELBO: 189.8667 | Recon Loss: 187.2278 | KL: 26.3887
<IPython.core.display.Image object>
[2K[2K-------------
Test Results:
Negative ELBO: 188.7082 | Recon Loss: 186.0710 | KL: 26.3720
Estimated NLL (Monte Carlo, K=500): 202.3881
Traceback (most recent call last):
  File "/zhome/7f/5/168608/CCVAE/GMVAE/CCVAE_new_script.py", line 696, in <module>
    generate_plots(model, test_loader)
  File "/zhome/7f/5/168608/CCVAE/GMVAE/CCVAE_new_script.py", line 655, in generate_plots
    plt.savefig(f"plots/cc_{model.latent_dim}_tSNE.svg", format="svg", bbox_inches='tight')
  File "/zhome/7f/5/168608/DLenv/lib64/python3.9/site-packages/matplotlib/pyplot.py", line 1228, in savefig
    res = fig.savefig(*args, **kwargs)  # type: ignore[func-returns-value]
  File "/zhome/7f/5/168608/DLenv/lib64/python3.9/site-packages/matplotlib/figure.py", line 3395, in savefig
    self.canvas.print_figure(fname, **kwargs)
  File "/zhome/7f/5/168608/DLenv/lib64/python3.9/site-packages/matplotlib/backend_bases.py", line 2204, in print_figure
    result = print_method(
  File "/zhome/7f/5/168608/DLenv/lib64/python3.9/site-packages/matplotlib/backend_bases.py", line 2054, in <lambda>
    print_method = functools.wraps(meth)(lambda *args, **kwargs: meth(
  File "/zhome/7f/5/168608/DLenv/lib64/python3.9/site-packages/matplotlib/backends/backend_svg.py", line 1328, in print_svg
    with cbook.open_file_cm(filename, "w", encoding="utf-8") as fh:
  File "/zhome/7f/5/168608/DLenv/lib64/python3.9/site-packages/matplotlib/cbook.py", line 497, in open_file_cm
    fh, opened = to_filehandle(path_or_file, mode, True, encoding)
  File "/zhome/7f/5/168608/DLenv/lib64/python3.9/site-packages/matplotlib/cbook.py", line 483, in to_filehandle
    fh = open(fname, flag, encoding=encoding)
FileNotFoundError: [Errno 2] No such file or directory: 'plots/cc_10_tSNE.svg'
