/bin/bash: line 1: list: command not found

------------------------------------------------------------
Sender: LSF System <lsfadmin@hpc.dtu.dk>
Subject: Job 27161992: <NONAME> in cluster <dcc> Exited

Job <NONAME> was submitted from host <n-62-20-1> by user <s215115> in cluster <dcc> at Mon Nov 24 17:17:20 2025
Job was executed on host(s) <n-62-31-4>, in queue <hpc>, as user <s215115> in cluster <dcc> at Mon Nov 24 17:17:21 2025
</zhome/7f/5/168608> was used as the home directory.
</zhome/7f/5/168608/CCVAE/GMVAE> was used as the working directory.
Started at Mon Nov 24 17:17:21 2025
Terminated at Mon Nov 24 17:17:21 2025
Results reported at Mon Nov 24 17:17:21 2025

Your job looked like:

------------------------------------------------------------
# LSBATCH: User input
list -a
------------------------------------------------------------

Exited with exit code 127.

Resource usage summary:

    CPU time :                                   0.50 sec.
    Max Memory :                                 -
    Average Memory :                             -
    Total Requested Memory :                     1024.00 MB
    Delta Memory :                               -
    Max Swap :                                   -
    Max Processes :                              -
    Max Threads :                                -
    Run time :                                   53 sec.
    Turnaround time :                            1 sec.

The output (if any) is above this job summary.

