Clipping input data to the valid range for imshow with RGB data ([0..1] for floats or [0..255] for integers). Got range [-44.7391..2.1748154].
Current device: cuda
Using learning rate: 0.0005, hidden dim: 256
Training CCVAE with latent dim: 10
used numbers: [0, 1, 2, 3, 4, 5, 6, 7, 8, 9]
epochs : 200
Epoch 0/200:
--------
Negative ELBO: 269.0324 | Recon Loss: 269.0324 | KL: 56.7862
Negative ELBO: 202.2004 | Recon Loss: 202.2004 | KL: 43.7357
Epoch 1/200:
--------
Negative ELBO: 198.6226 | Recon Loss: 198.6226 | KL: 39.6688
Epoch 2/200:
--------
Negative ELBO: 194.1147 | Recon Loss: 194.1147 | KL: 35.3384
Epoch 3/200:
--------
Negative ELBO: 191.4849 | Recon Loss: 191.4849 | KL: 32.4150
Epoch 4/200:
--------
Negative ELBO: 190.7606 | Recon Loss: 190.7606 | KL: 30.7691
Epoch 5/200:
--------
Negative ELBO: 190.4445 | Recon Loss: 190.4445 | KL: 30.1760
Negative ELBO: 190.0797 | Recon Loss: 190.0797 | KL: 30.3529
Epoch 6/200:
--------
Negative ELBO: 190.3850 | Recon Loss: 190.3850 | KL: 29.7722
Epoch 7/200:
--------
Negative ELBO: 190.4471 | Recon Loss: 190.4471 | KL: 29.7101
Epoch 8/200:
--------
Negative ELBO: 190.2913 | Recon Loss: 190.2913 | KL: 29.5659
Epoch 9/200:
--------
Negative ELBO: 190.1726 | Recon Loss: 190.1726 | KL: 29.5282
Epoch 10/200:
--------
Negative ELBO: 189.9995 | Recon Loss: 189.9995 | KL: 29.6179
Negative ELBO: 189.6898 | Recon Loss: 189.6898 | KL: 29.6551
Epoch 11/200:
--------
Negative ELBO: 189.6651 | Recon Loss: 189.6651 | KL: 29.7363
Epoch 12/200:
--------
Negative ELBO: 188.7401 | Recon Loss: 188.7401 | KL: 29.6868
Epoch 13/200:
--------
Negative ELBO: 188.2945 | Recon Loss: 188.2945 | KL: 29.3796
Epoch 14/200:
--------
Negative ELBO: 188.2719 | Recon Loss: 188.2719 | KL: 29.2507
Epoch 15/200:
--------
Negative ELBO: 188.1102 | Recon Loss: 188.1102 | KL: 29.1758
Negative ELBO: 187.3336 | Recon Loss: 187.3336 | KL: 29.1316
Epoch 16/200:
--------
Negative ELBO: 187.9783 | Recon Loss: 187.9783 | KL: 29.1265
Epoch 17/200:
--------
Negative ELBO: 187.9957 | Recon Loss: 187.9957 | KL: 29.1534
Epoch 18/200:
--------
Negative ELBO: 187.9772 | Recon Loss: 187.9772 | KL: 28.9665
Epoch 19/200:
--------
Negative ELBO: 187.9209 | Recon Loss: 187.9209 | KL: 28.9370
Epoch 20/200:
--------
Negative ELBO: 187.8179 | Recon Loss: 187.8179 | KL: 28.9168
Negative ELBO: 187.3239 | Recon Loss: 187.3239 | KL: 28.7570
Epoch 21/200:
--------
Negative ELBO: 187.8525 | Recon Loss: 187.7803 | KL: 28.8803
Epoch 22/200:
--------
Negative ELBO: 187.8468 | Recon Loss: 187.7032 | KL: 28.7217
Epoch 23/200:
--------
Negative ELBO: 187.9773 | Recon Loss: 187.7618 | KL: 28.7311
Epoch 24/200:
--------
Negative ELBO: 187.9740 | Recon Loss: 187.6871 | KL: 28.6848
Epoch 25/200:
--------
Negative ELBO: 188.0283 | Recon Loss: 187.6704 | KL: 28.6347
Negative ELBO: 187.4007 | Recon Loss: 187.0430 | KL: 28.6202
Epoch 26/200:
--------
Negative ELBO: 187.8933 | Recon Loss: 187.4643 | KL: 28.5997
Epoch 27/200:
--------
Negative ELBO: 187.9844 | Recon Loss: 187.4838 | KL: 28.6048
Epoch 28/200:
--------
Negative ELBO: 188.0599 | Recon Loss: 187.4902 | KL: 28.4856
Epoch 29/200:
--------
Negative ELBO: 188.1453 | Recon Loss: 187.5051 | KL: 28.4544
Epoch 30/200:
--------
Negative ELBO: 188.1336 | Recon Loss: 187.4241 | KL: 28.3820
Negative ELBO: 187.6105 | Recon Loss: 186.9013 | KL: 28.3689
Epoch 31/200:
--------
Negative ELBO: 188.1523 | Recon Loss: 187.3717 | KL: 28.3876
Epoch 32/200:
--------
Negative ELBO: 188.3832 | Recon Loss: 187.5315 | KL: 28.3908
Epoch 33/200:
--------
Negative ELBO: 188.2539 | Recon Loss: 187.3345 | KL: 28.2903
Epoch 34/200:
--------
Negative ELBO: 188.4484 | Recon Loss: 187.4585 | KL: 28.2824
Epoch 35/200:
--------
Negative ELBO: 188.4502 | Recon Loss: 187.3908 | KL: 28.2484
Negative ELBO: 187.9877 | Recon Loss: 186.9310 | KL: 28.1797
Epoch 36/200:
--------
Negative ELBO: 188.6139 | Recon Loss: 187.4840 | KL: 28.2467
Epoch 37/200:
--------
Negative ELBO: 188.6116 | Recon Loss: 187.4149 | KL: 28.1575
Epoch 38/200:
--------
Negative ELBO: 188.7935 | Recon Loss: 187.5267 | KL: 28.1514
Epoch 39/200:
--------
Negative ELBO: 188.7443 | Recon Loss: 187.4097 | KL: 28.0983
Epoch 40/200:
--------
Negative ELBO: 188.7225 | Recon Loss: 187.3213 | KL: 28.0223
Negative ELBO: 188.0005 | Recon Loss: 186.5988 | KL: 28.0355
Epoch 41/200:
--------
Negative ELBO: 188.8113 | Recon Loss: 187.3390 | KL: 28.0430
Epoch 42/200:
--------
Negative ELBO: 188.8197 | Recon Loss: 187.2788 | KL: 28.0174
Epoch 43/200:
--------
Negative ELBO: 188.9762 | Recon Loss: 187.3679 | KL: 27.9704
Epoch 44/200:
--------
Negative ELBO: 188.9303 | Recon Loss: 187.2569 | KL: 27.8899
Epoch 45/200:
--------
Negative ELBO: 189.1232 | Recon Loss: 187.3791 | KL: 27.9042
Negative ELBO: 188.4692 | Recon Loss: 186.7253 | KL: 27.9033
Epoch 46/200:
--------
Negative ELBO: 189.1768 | Recon Loss: 187.3599 | KL: 27.9520
Epoch 47/200:
--------
Negative ELBO: 189.1554 | Recon Loss: 187.2749 | KL: 27.8592
Epoch 48/200:
--------
Negative ELBO: 189.2924 | Recon Loss: 187.3437 | KL: 27.8393
Epoch 49/200:
--------
Negative ELBO: 189.3381 | Recon Loss: 187.3180 | KL: 27.8629
Epoch 50/200:
--------
Negative ELBO: 189.3817 | Recon Loss: 187.2931 | KL: 27.8471
Negative ELBO: 188.8990 | Recon Loss: 186.8150 | KL: 27.7869
Epoch 51/200:
--------
Negative ELBO: 189.5523 | Recon Loss: 187.3996 | KL: 27.7767
Epoch 52/200:
--------
Negative ELBO: 189.6029 | Recon Loss: 187.3807 | KL: 27.7767
Epoch 53/200:
--------
Negative ELBO: 189.5107 | Recon Loss: 187.2184 | KL: 27.7851
Epoch 54/200:
--------
Negative ELBO: 189.7041 | Recon Loss: 187.3353 | KL: 27.8688
Epoch 55/200:
--------
Negative ELBO: 189.6914 | Recon Loss: 187.2599 | KL: 27.7892
Negative ELBO: 189.1531 | Recon Loss: 186.7300 | KL: 27.6928
Epoch 56/200:
--------
Negative ELBO: 189.8107 | Recon Loss: 187.3138 | KL: 27.7440
Epoch 57/200:
--------
Negative ELBO: 189.8646 | Recon Loss: 187.2999 | KL: 27.7269
Epoch 58/200:
--------
Negative ELBO: 189.9728 | Recon Loss: 187.3431 | KL: 27.6804
Epoch 59/200:
--------
Negative ELBO: 190.0130 | Recon Loss: 187.3136 | KL: 27.6865
Epoch 60/200:
--------
Negative ELBO: 190.1216 | Recon Loss: 187.3473 | KL: 27.7428
Negative ELBO: 189.3537 | Recon Loss: 186.5837 | KL: 27.7006
Epoch 61/200:
--------
Negative ELBO: 190.0052 | Recon Loss: 187.2356 | KL: 27.6956
Epoch 62/200:
--------
Negative ELBO: 189.9630 | Recon Loss: 187.2001 | KL: 27.6286
Epoch 63/200:
--------
Negative ELBO: 190.0114 | Recon Loss: 187.2398 | KL: 27.7164
Epoch 64/200:
--------
Negative ELBO: 190.1377 | Recon Loss: 187.3629 | KL: 27.7478
Epoch 65/200:
--------
Negative ELBO: 190.0433 | Recon Loss: 187.2743 | KL: 27.6903
Negative ELBO: 189.4274 | Recon Loss: 186.6613 | KL: 27.6604
Epoch 66/200:
--------
Negative ELBO: 190.0722 | Recon Loss: 187.2985 | KL: 27.7367
Epoch 67/200:
--------
Negative ELBO: 190.0752 | Recon Loss: 187.3008 | KL: 27.7443
Epoch 68/200:
--------
Negative ELBO: 189.9231 | Recon Loss: 187.1514 | KL: 27.7171
Epoch 69/200:
--------
Negative ELBO: 189.8947 | Recon Loss: 187.1242 | KL: 27.7052
Epoch 70/200:
--------
Negative ELBO: 189.9323 | Recon Loss: 187.1608 | KL: 27.7145
Negative ELBO: 189.2375 | Recon Loss: 186.4632 | KL: 27.7422
Epoch 71/200:
--------
Negative ELBO: 190.0616 | Recon Loss: 187.2928 | KL: 27.6873
Epoch 72/200:
--------
Negative ELBO: 190.0441 | Recon Loss: 187.2713 | KL: 27.7285
Epoch 73/200:
--------
Negative ELBO: 190.0186 | Recon Loss: 187.2501 | KL: 27.6854
Epoch 74/200:
--------
Negative ELBO: 189.9190 | Recon Loss: 187.1503 | KL: 27.6867
Epoch 75/200:
--------
Negative ELBO: 189.9881 | Recon Loss: 187.2133 | KL: 27.7490
Negative ELBO: 189.1589 | Recon Loss: 186.3865 | KL: 27.7232
Epoch 76/200:
--------
Negative ELBO: 189.9479 | Recon Loss: 187.1731 | KL: 27.7479
Epoch 77/200:
--------
Negative ELBO: 190.0016 | Recon Loss: 187.2269 | KL: 27.7475
Epoch 78/200:
--------
Negative ELBO: 190.1119 | Recon Loss: 187.3359 | KL: 27.7600
Epoch 79/200:
--------
Negative ELBO: 189.8438 | Recon Loss: 187.0703 | KL: 27.7346
Epoch 80/200:
--------
Negative ELBO: 189.8828 | Recon Loss: 187.1143 | KL: 27.6848
Negative ELBO: 189.2263 | Recon Loss: 186.4603 | KL: 27.6604
Epoch 81/200:
--------
Negative ELBO: 189.9195 | Recon Loss: 187.1432 | KL: 27.7632
Epoch 82/200:
--------
Negative ELBO: 190.1424 | Recon Loss: 187.3599 | KL: 27.8254
Epoch 83/200:
--------
Negative ELBO: 189.9365 | Recon Loss: 187.1537 | KL: 27.8280
Epoch 84/200:
--------
Negative ELBO: 190.0059 | Recon Loss: 187.2259 | KL: 27.8009
Epoch 85/200:
--------
Negative ELBO: 189.9801 | Recon Loss: 187.2054 | KL: 27.7469
Negative ELBO: 189.1444 | Recon Loss: 186.3723 | KL: 27.7212
Epoch 86/200:
--------
Negative ELBO: 189.8459 | Recon Loss: 187.0695 | KL: 27.7641
Epoch 87/200:
--------
Negative ELBO: 189.8795 | Recon Loss: 187.1019 | KL: 27.7757
Epoch 88/200:
--------
Negative ELBO: 190.0237 | Recon Loss: 187.2472 | KL: 27.7643
Epoch 89/200:
--------
Negative ELBO: 189.9575 | Recon Loss: 187.1883 | KL: 27.6919
Epoch 90/200:
--------
Negative ELBO: 189.8833 | Recon Loss: 187.1117 | KL: 27.7163
Negative ELBO: 189.0375 | Recon Loss: 186.2709 | KL: 27.6655
Epoch 91/200:
--------
Negative ELBO: 189.8498 | Recon Loss: 187.0765 | KL: 27.7326
Epoch 92/200:
--------
Negative ELBO: 189.9484 | Recon Loss: 187.1752 | KL: 27.7324
Epoch 93/200:
--------
Negative ELBO: 189.9108 | Recon Loss: 187.1387 | KL: 27.7205
Epoch 94/200:
--------
Negative ELBO: 189.7839 | Recon Loss: 187.0107 | KL: 27.7318
Epoch 95/200:
--------
Negative ELBO: 189.8301 | Recon Loss: 187.0594 | KL: 27.7073
Negative ELBO: 189.2208 | Recon Loss: 186.4599 | KL: 27.6091
Epoch 96/200:
--------
Negative ELBO: 189.8625 | Recon Loss: 187.1002 | KL: 27.6226
Epoch 97/200:
--------
Negative ELBO: 189.9594 | Recon Loss: 187.1998 | KL: 27.5952
Epoch 98/200:
--------
Negative ELBO: 189.8442 | Recon Loss: 187.0875 | KL: 27.5669
Epoch 99/200:
--------
Negative ELBO: 189.9289 | Recon Loss: 187.1728 | KL: 27.5612
Epoch 100/200:
--------
Negative ELBO: 189.8841 | Recon Loss: 187.1272 | KL: 27.5687
Negative ELBO: 189.1708 | Recon Loss: 186.4067 | KL: 27.6409
Epoch 101/200:
--------
Negative ELBO: 189.8027 | Recon Loss: 187.0385 | KL: 27.6419
Epoch 102/200:
--------
Negative ELBO: 189.8209 | Recon Loss: 187.0604 | KL: 27.6050
Epoch 103/200:
--------
Negative ELBO: 189.9080 | Recon Loss: 187.1470 | KL: 27.6105
Epoch 104/200:
--------
Negative ELBO: 189.8330 | Recon Loss: 187.0696 | KL: 27.6348
Epoch 105/200:
--------
Negative ELBO: 189.9170 | Recon Loss: 187.1585 | KL: 27.5852
Negative ELBO: 189.4615 | Recon Loss: 186.7080 | KL: 27.5355
Epoch 106/200:
--------
Negative ELBO: 189.8103 | Recon Loss: 187.0531 | KL: 27.5712
Epoch 107/200:
--------
Negative ELBO: 189.9875 | Recon Loss: 187.2278 | KL: 27.5965
Epoch 108/200:
--------
Negative ELBO: 189.9226 | Recon Loss: 187.1617 | KL: 27.6095
Epoch 109/200:
--------
Negative ELBO: 189.8498 | Recon Loss: 187.0868 | KL: 27.6301
Epoch 110/200:
--------
Negative ELBO: 189.9695 | Recon Loss: 187.2041 | KL: 27.6540
Negative ELBO: 189.2149 | Recon Loss: 186.4468 | KL: 27.6803
Epoch 111/200:
--------
Negative ELBO: 189.9102 | Recon Loss: 187.1477 | KL: 27.6251
Epoch 112/200:
--------
Negative ELBO: 189.9460 | Recon Loss: 187.1972 | KL: 27.4874
Epoch 113/200:
--------
Negative ELBO: 189.8817 | Recon Loss: 187.1300 | KL: 27.5178
Epoch 114/200:
--------
Negative ELBO: 189.8667 | Recon Loss: 187.1114 | KL: 27.5536
Epoch 115/200:
--------
Negative ELBO: 189.8441 | Recon Loss: 187.0875 | KL: 27.5659
Negative ELBO: 189.2702 | Recon Loss: 186.5116 | KL: 27.5859
Epoch 116/200:
--------
Negative ELBO: 189.8351 | Recon Loss: 187.0787 | KL: 27.5635
Epoch 117/200:
--------
Negative ELBO: 189.7744 | Recon Loss: 187.0198 | KL: 27.5462
Epoch 118/200:
--------
Negative ELBO: 189.8912 | Recon Loss: 187.1348 | KL: 27.5638
Epoch 119/200:
--------
Negative ELBO: 189.8639 | Recon Loss: 187.1154 | KL: 27.4852
Epoch 120/200:
--------
Negative ELBO: 189.9243 | Recon Loss: 187.1729 | KL: 27.5142
Negative ELBO: 188.9633 | Recon Loss: 186.2026 | KL: 27.6069
Epoch 121/200:
--------
Negative ELBO: 189.9034 | Recon Loss: 187.1460 | KL: 27.5739
Epoch 122/200:
--------
Negative ELBO: 189.8353 | Recon Loss: 187.0755 | KL: 27.5975
Epoch 123/200:
--------
Negative ELBO: 190.0207 | Recon Loss: 187.2756 | KL: 27.4511
Epoch 124/200:
--------
Negative ELBO: 189.8480 | Recon Loss: 187.1103 | KL: 27.3771
Epoch 125/200:
--------
Negative ELBO: 189.7183 | Recon Loss: 186.9779 | KL: 27.4036
Negative ELBO: 188.8501 | Recon Loss: 186.1032 | KL: 27.4688
Epoch 126/200:
--------
Negative ELBO: 189.9373 | Recon Loss: 187.1943 | KL: 27.4303
Epoch 127/200:
--------
Negative ELBO: 189.8740 | Recon Loss: 187.1323 | KL: 27.4167
Epoch 128/200:
--------
Negative ELBO: 189.7956 | Recon Loss: 187.0545 | KL: 27.4113
Epoch 129/200:
--------
Negative ELBO: 189.8520 | Recon Loss: 187.1159 | KL: 27.3614
Epoch 130/200:
--------
Negative ELBO: 189.8978 | Recon Loss: 187.1627 | KL: 27.3503
Negative ELBO: 189.0858 | Recon Loss: 186.3438 | KL: 27.4201
Epoch 131/200:
--------
Negative ELBO: 189.9163 | Recon Loss: 187.1763 | KL: 27.4004
Epoch 132/200:
--------
Negative ELBO: 190.0114 | Recon Loss: 187.2711 | KL: 27.4028
Epoch 133/200:
--------
Negative ELBO: 189.7906 | Recon Loss: 187.0458 | KL: 27.4483
Epoch 134/200:
--------
Negative ELBO: 189.8405 | Recon Loss: 187.0944 | KL: 27.4606
Epoch 135/200:
--------
Negative ELBO: 189.7844 | Recon Loss: 187.0417 | KL: 27.4268
Negative ELBO: 189.0531 | Recon Loss: 186.3133 | KL: 27.3984
Epoch 136/200:
--------
Negative ELBO: 189.9623 | Recon Loss: 187.2269 | KL: 27.3539
Epoch 137/200:
--------
Negative ELBO: 189.7706 | Recon Loss: 187.0311 | KL: 27.3948
Epoch 138/200:
--------
Negative ELBO: 189.8264 | Recon Loss: 187.0919 | KL: 27.3445
Epoch 139/200:
--------
Negative ELBO: 189.7964 | Recon Loss: 187.0605 | KL: 27.3589
Epoch 140/200:
--------
Negative ELBO: 189.9164 | Recon Loss: 187.1777 | KL: 27.3877
Negative ELBO: 188.9623 | Recon Loss: 186.2142 | KL: 27.4809
Epoch 141/200:
--------
Negative ELBO: 189.9657 | Recon Loss: 187.2243 | KL: 27.4135
Epoch 142/200:
--------
Negative ELBO: 189.8200 | Recon Loss: 187.0820 | KL: 27.3804
Epoch 143/200:
--------
Negative ELBO: 189.7692 | Recon Loss: 187.0356 | KL: 27.3364
Epoch 144/200:
--------
Negative ELBO: 189.7380 | Recon Loss: 187.0013 | KL: 27.3676
Epoch 145/200:
--------
Negative ELBO: 189.8433 | Recon Loss: 187.1071 | KL: 27.3619
Negative ELBO: 189.2672 | Recon Loss: 186.5375 | KL: 27.2970
Epoch 146/200:
--------
Negative ELBO: 189.7722 | Recon Loss: 187.0361 | KL: 27.3607
Epoch 147/200:
--------
Negative ELBO: 189.8442 | Recon Loss: 187.1070 | KL: 27.3717
Epoch 148/200:
--------
Negative ELBO: 189.6641 | Recon Loss: 186.9260 | KL: 27.3813
Epoch 149/200:
--------
Negative ELBO: 189.8140 | Recon Loss: 187.0766 | KL: 27.3738
Epoch 150/200:
--------
Negative ELBO: 189.9129 | Recon Loss: 187.1731 | KL: 27.3975
Negative ELBO: 189.4113 | Recon Loss: 186.6742 | KL: 27.3707
Epoch 151/200:
--------
Negative ELBO: 189.8980 | Recon Loss: 187.1590 | KL: 27.3899
Epoch 152/200:
--------
Negative ELBO: 189.8734 | Recon Loss: 187.1339 | KL: 27.3947
Epoch 153/200:
--------
Negative ELBO: 189.9372 | Recon Loss: 187.1948 | KL: 27.4235
Epoch 154/200:
--------
Negative ELBO: 189.8385 | Recon Loss: 187.0968 | KL: 27.4167
Epoch 155/200:
--------
Negative ELBO: 189.7734 | Recon Loss: 187.0324 | KL: 27.4099
Negative ELBO: 189.4506 | Recon Loss: 186.7009 | KL: 27.4969
Epoch 156/200:
--------
Negative ELBO: 189.6473 | Recon Loss: 186.9039 | KL: 27.4339
Epoch 157/200:
--------
Negative ELBO: 189.8406 | Recon Loss: 187.1009 | KL: 27.3968
Epoch 158/200:
--------
Negative ELBO: 189.9470 | Recon Loss: 187.2157 | KL: 27.3135
Epoch 159/200:
--------
Negative ELBO: 189.7705 | Recon Loss: 187.0394 | KL: 27.3112
Epoch 160/200:
--------
Negative ELBO: 189.8166 | Recon Loss: 187.0867 | KL: 27.2994
Negative ELBO: 189.0822 | Recon Loss: 186.3456 | KL: 27.3659
Epoch 161/200:
--------
Negative ELBO: 189.9183 | Recon Loss: 187.1869 | KL: 27.3144
Epoch 162/200:
--------
Negative ELBO: 189.9257 | Recon Loss: 187.1958 | KL: 27.2993
Epoch 163/200:
--------
Negative ELBO: 189.9452 | Recon Loss: 187.2112 | KL: 27.3405
Epoch 164/200:
--------
Negative ELBO: 189.7420 | Recon Loss: 187.0047 | KL: 27.3726
Epoch 165/200:
--------
Negative ELBO: 189.7311 | Recon Loss: 186.9947 | KL: 27.3630
Negative ELBO: 189.3729 | Recon Loss: 186.6274 | KL: 27.4547
Epoch 166/200:
--------
Negative ELBO: 189.8548 | Recon Loss: 187.1224 | KL: 27.3242
Epoch 167/200:
--------
Negative ELBO: 189.8286 | Recon Loss: 187.0926 | KL: 27.3604
Epoch 168/200:
--------
Negative ELBO: 189.7936 | Recon Loss: 187.0579 | KL: 27.3568
Epoch 169/200:
--------
Negative ELBO: 189.8758 | Recon Loss: 187.1375 | KL: 27.3832
Epoch 170/200:
--------
Negative ELBO: 189.8459 | Recon Loss: 187.1043 | KL: 27.4165
Negative ELBO: 188.9859 | Recon Loss: 186.2402 | KL: 27.4576
Epoch 171/200:
--------
Negative ELBO: 189.6022 | Recon Loss: 186.8600 | KL: 27.4219
Epoch 172/200:
--------
Negative ELBO: 189.8491 | Recon Loss: 187.1124 | KL: 27.3671
Epoch 173/200:
--------
Negative ELBO: 189.7886 | Recon Loss: 187.0485 | KL: 27.4017
Epoch 174/200:
--------
Negative ELBO: 189.8729 | Recon Loss: 187.1280 | KL: 27.4490
Epoch 175/200:
--------
Negative ELBO: 189.7503 | Recon Loss: 187.0023 | KL: 27.4805
Negative ELBO: 189.5137 | Recon Loss: 186.7680 | KL: 27.4571
Epoch 176/200:
--------
Negative ELBO: 189.8172 | Recon Loss: 187.0688 | KL: 27.4844
Epoch 177/200:
--------
Negative ELBO: 189.7222 | Recon Loss: 186.9775 | KL: 27.4472
Epoch 178/200:
--------
Negative ELBO: 189.8294 | Recon Loss: 187.0872 | KL: 27.4220
Epoch 179/200:
--------
Negative ELBO: 189.7547 | Recon Loss: 187.0054 | KL: 27.4929
Epoch 180/200:
--------
Negative ELBO: 189.6289 | Recon Loss: 186.8773 | KL: 27.5161
Negative ELBO: 189.6879 | Recon Loss: 186.9398 | KL: 27.4816
Epoch 181/200:
--------
Negative ELBO: 189.8288 | Recon Loss: 187.0740 | KL: 27.5477
Epoch 182/200:
--------
Negative ELBO: 189.7178 | Recon Loss: 186.9742 | KL: 27.4357
Epoch 183/200:
--------
Negative ELBO: 189.8381 | Recon Loss: 187.0997 | KL: 27.3839
Epoch 184/200:
--------
Negative ELBO: 189.7057 | Recon Loss: 186.9662 | KL: 27.3945
Epoch 185/200:
--------
Negative ELBO: 189.8197 | Recon Loss: 187.0823 | KL: 27.3743
Negative ELBO: 188.9642 | Recon Loss: 186.2291 | KL: 27.3519
Epoch 186/200:
--------
Negative ELBO: 189.8423 | Recon Loss: 187.1048 | KL: 27.3755
Epoch 187/200:
--------
Negative ELBO: 189.7397 | Recon Loss: 186.9974 | KL: 27.4234
Epoch 188/200:
--------
Negative ELBO: 189.7526 | Recon Loss: 187.0121 | KL: 27.4049
Epoch 189/200:
--------
Negative ELBO: 189.7850 | Recon Loss: 187.0516 | KL: 27.3340
Epoch 190/200:
--------
Negative ELBO: 189.8602 | Recon Loss: 187.1260 | KL: 27.3420
Negative ELBO: 189.0308 | Recon Loss: 186.2912 | KL: 27.3965
Epoch 191/200:
--------
Negative ELBO: 189.7420 | Recon Loss: 187.0016 | KL: 27.4046
Epoch 192/200:
--------
Negative ELBO: 189.8428 | Recon Loss: 187.1124 | KL: 27.3041
Epoch 193/200:
--------
Negative ELBO: 189.9034 | Recon Loss: 187.1711 | KL: 27.3222
Epoch 194/200:
--------
Negative ELBO: 189.7809 | Recon Loss: 187.0458 | KL: 27.3513
Epoch 195/200:
--------
Negative ELBO: 189.8562 | Recon Loss: 187.1215 | KL: 27.3465
Negative ELBO: 189.3358 | Recon Loss: 186.5953 | KL: 27.4048
Epoch 196/200:
--------
Negative ELBO: 189.7190 | Recon Loss: 186.9837 | KL: 27.3526
Epoch 197/200:
--------
Negative ELBO: 189.9267 | Recon Loss: 187.1902 | KL: 27.3643
Epoch 198/200:
--------
Negative ELBO: 189.7914 | Recon Loss: 187.0523 | KL: 27.3908
Epoch 199/200:
--------
Negative ELBO: 189.7319 | Recon Loss: 186.9951 | KL: 27.3687
<IPython.core.display.Image object>
[2K[2K-------------
Test Results:
Negative ELBO: 189.2611 | Recon Loss: 186.5386 | KL: 27.2248
Estimated NLL (Monte Carlo, K=500): 203.0111
Traceback (most recent call last):
  File "/zhome/7f/5/168608/CCVAE/GMVAE/CCVAE_new_script.py", line 696, in <module>
    generate_plots(model, test_loader)
  File "/zhome/7f/5/168608/CCVAE/GMVAE/CCVAE_new_script.py", line 655, in generate_plots
    plt.savefig(f"plots/cc_{model.latent_dim}_tSNE.svg", format="svg", bbox_inches='tight')
  File "/zhome/7f/5/168608/DLenv/lib64/python3.9/site-packages/matplotlib/pyplot.py", line 1228, in savefig
    res = fig.savefig(*args, **kwargs)  # type: ignore[func-returns-value]
  File "/zhome/7f/5/168608/DLenv/lib64/python3.9/site-packages/matplotlib/figure.py", line 3395, in savefig
    self.canvas.print_figure(fname, **kwargs)
  File "/zhome/7f/5/168608/DLenv/lib64/python3.9/site-packages/matplotlib/backend_bases.py", line 2204, in print_figure
    result = print_method(
  File "/zhome/7f/5/168608/DLenv/lib64/python3.9/site-packages/matplotlib/backend_bases.py", line 2054, in <lambda>
    print_method = functools.wraps(meth)(lambda *args, **kwargs: meth(
  File "/zhome/7f/5/168608/DLenv/lib64/python3.9/site-packages/matplotlib/backends/backend_svg.py", line 1328, in print_svg
    with cbook.open_file_cm(filename, "w", encoding="utf-8") as fh:
  File "/zhome/7f/5/168608/DLenv/lib64/python3.9/site-packages/matplotlib/cbook.py", line 497, in open_file_cm
    fh, opened = to_filehandle(path_or_file, mode, True, encoding)
  File "/zhome/7f/5/168608/DLenv/lib64/python3.9/site-packages/matplotlib/cbook.py", line 483, in to_filehandle
    fh = open(fname, flag, encoding=encoding)
FileNotFoundError: [Errno 2] No such file or directory: 'plots/cc_10_tSNE.svg'
