Clipping input data to the valid range for imshow with RGB data ([0..1] for floats or [0..255] for integers). Got range [-33.304153..2.6117508].
Current device: cuda
Using learning rate: 0.0001, hidden dim: 1024
Training CCVAE with latent dim: 10
used numbers: [0, 1, 2, 3, 4, 5, 6, 7, 8, 9]
epochs : 200
Epoch 0/200:
--------
Negative ELBO: 313.2788 | Recon Loss: 313.2788 | KL: 81.7166
Negative ELBO: 230.4495 | Recon Loss: 230.4495 | KL: 69.1958
Epoch 1/200:
--------
Negative ELBO: 214.2455 | Recon Loss: 214.2455 | KL: 57.0079
Epoch 2/200:
--------
Negative ELBO: 196.0140 | Recon Loss: 196.0140 | KL: 43.2625
Epoch 3/200:
--------
Negative ELBO: 191.0149 | Recon Loss: 191.0149 | KL: 37.7056
Epoch 4/200:
--------
Negative ELBO: 189.4787 | Recon Loss: 189.4787 | KL: 35.6075
Epoch 5/200:
--------
Negative ELBO: 188.7838 | Recon Loss: 188.7838 | KL: 34.9338
Negative ELBO: 187.7112 | Recon Loss: 187.7112 | KL: 34.6794
Epoch 6/200:
--------
Negative ELBO: 187.7785 | Recon Loss: 187.7785 | KL: 34.5778
Epoch 7/200:
--------
Negative ELBO: 187.0759 | Recon Loss: 187.0759 | KL: 34.0291
Epoch 8/200:
--------
Negative ELBO: 186.4758 | Recon Loss: 186.4758 | KL: 33.5653
Epoch 9/200:
--------
Negative ELBO: 186.3796 | Recon Loss: 186.3796 | KL: 33.2966
Epoch 10/200:
--------
Negative ELBO: 186.2782 | Recon Loss: 186.2782 | KL: 32.9298
Negative ELBO: 185.1605 | Recon Loss: 185.1605 | KL: 32.9503
Epoch 11/200:
--------
Negative ELBO: 186.2381 | Recon Loss: 186.2381 | KL: 32.8056
Epoch 12/200:
--------
Negative ELBO: 185.9799 | Recon Loss: 185.9799 | KL: 32.6700
Epoch 13/200:
--------
Negative ELBO: 185.9133 | Recon Loss: 185.9133 | KL: 32.5579
Epoch 14/200:
--------
Negative ELBO: 185.7515 | Recon Loss: 185.7515 | KL: 32.4345
Epoch 15/200:
--------
Negative ELBO: 185.7115 | Recon Loss: 185.7115 | KL: 32.4001
Negative ELBO: 184.8231 | Recon Loss: 184.8231 | KL: 32.5109
Epoch 16/200:
--------
Negative ELBO: 185.5352 | Recon Loss: 185.5352 | KL: 32.2972
Epoch 17/200:
--------
Negative ELBO: 185.5694 | Recon Loss: 185.5694 | KL: 32.1826
Epoch 18/200:
--------
Negative ELBO: 185.6844 | Recon Loss: 185.6844 | KL: 32.1379
Epoch 19/200:
--------
Negative ELBO: 185.5628 | Recon Loss: 185.5628 | KL: 32.0630
Epoch 20/200:
--------
Negative ELBO: 185.4299 | Recon Loss: 185.4299 | KL: 31.9653
Negative ELBO: 185.2317 | Recon Loss: 185.2317 | KL: 31.9003
Epoch 21/200:
--------
Negative ELBO: 185.5322 | Recon Loss: 185.4526 | KL: 31.8376
Epoch 22/200:
--------
Negative ELBO: 185.5898 | Recon Loss: 185.4305 | KL: 31.8623
Epoch 23/200:
--------
Negative ELBO: 185.6278 | Recon Loss: 185.3894 | KL: 31.7950
Epoch 24/200:
--------
Negative ELBO: 185.7285 | Recon Loss: 185.4112 | KL: 31.7320
Epoch 25/200:
--------
Negative ELBO: 185.6258 | Recon Loss: 185.2293 | KL: 31.7201
Negative ELBO: 185.2132 | Recon Loss: 184.8193 | KL: 31.5106
Epoch 26/200:
--------
Negative ELBO: 185.8344 | Recon Loss: 185.3603 | KL: 31.6073
Epoch 27/200:
--------
Negative ELBO: 185.8634 | Recon Loss: 185.3107 | KL: 31.5819
Epoch 28/200:
--------
Negative ELBO: 186.0089 | Recon Loss: 185.3787 | KL: 31.5077
Epoch 29/200:
--------
Negative ELBO: 185.9608 | Recon Loss: 185.2526 | KL: 31.4784
Epoch 30/200:
--------
Negative ELBO: 186.0661 | Recon Loss: 185.2808 | KL: 31.4115
Negative ELBO: 185.1984 | Recon Loss: 184.4146 | KL: 31.3508
Epoch 31/200:
--------
Negative ELBO: 186.0971 | Recon Loss: 185.2362 | KL: 31.3030
Epoch 32/200:
--------
Negative ELBO: 186.2382 | Recon Loss: 185.2984 | KL: 31.3269
Epoch 33/200:
--------
Negative ELBO: 186.1313 | Recon Loss: 185.1130 | KL: 31.3325
Epoch 34/200:
--------
Negative ELBO: 186.1154 | Recon Loss: 185.0200 | KL: 31.2974
Epoch 35/200:
--------
Negative ELBO: 186.1822 | Recon Loss: 185.0091 | KL: 31.2838
Negative ELBO: 185.9044 | Recon Loss: 184.7351 | KL: 31.1802
Epoch 36/200:
--------
Negative ELBO: 186.4375 | Recon Loss: 185.1880 | KL: 31.2379
Epoch 37/200:
--------
Negative ELBO: 186.2035 | Recon Loss: 184.8783 | KL: 31.1824
Epoch 38/200:
--------
Negative ELBO: 186.4756 | Recon Loss: 185.0718 | KL: 31.1961
Epoch 39/200:
--------
Negative ELBO: 186.3653 | Recon Loss: 184.8858 | KL: 31.1480
Epoch 40/200:
--------
Negative ELBO: 186.7021 | Recon Loss: 185.1464 | KL: 31.1130
Negative ELBO: 185.8914 | Recon Loss: 184.3370 | KL: 31.0880
Epoch 41/200:
--------
Negative ELBO: 186.6338 | Recon Loss: 185.0030 | KL: 31.0641
Epoch 42/200:
--------
Negative ELBO: 186.6350 | Recon Loss: 184.9284 | KL: 31.0294
Epoch 43/200:
--------
Negative ELBO: 186.7433 | Recon Loss: 184.9589 | KL: 31.0333
Epoch 44/200:
--------
Negative ELBO: 186.6880 | Recon Loss: 184.8284 | KL: 30.9943
Epoch 45/200:
--------
Negative ELBO: 186.9389 | Recon Loss: 185.0068 | KL: 30.9132
Negative ELBO: 186.5384 | Recon Loss: 184.6084 | KL: 30.8795
Epoch 46/200:
--------
Negative ELBO: 186.9428 | Recon Loss: 184.9341 | KL: 30.9019
Epoch 47/200:
--------
Negative ELBO: 186.9967 | Recon Loss: 184.9138 | KL: 30.8583
Epoch 48/200:
--------
Negative ELBO: 187.0064 | Recon Loss: 184.8483 | KL: 30.8298
Epoch 49/200:
--------
Negative ELBO: 187.1466 | Recon Loss: 184.9104 | KL: 30.8433
Epoch 50/200:
--------
Negative ELBO: 187.2167 | Recon Loss: 184.9086 | KL: 30.7750
Negative ELBO: 186.4427 | Recon Loss: 184.1376 | KL: 30.7358
Epoch 51/200:
--------
Negative ELBO: 187.1939 | Recon Loss: 184.8075 | KL: 30.7930
Epoch 52/200:
--------
Negative ELBO: 187.2799 | Recon Loss: 184.8228 | KL: 30.7127
Epoch 53/200:
--------
Negative ELBO: 187.4704 | Recon Loss: 184.9391 | KL: 30.6822
Epoch 54/200:
--------
Negative ELBO: 187.4452 | Recon Loss: 184.8324 | KL: 30.7384
Epoch 55/200:
--------
Negative ELBO: 187.4317 | Recon Loss: 184.7542 | KL: 30.6001
Negative ELBO: 187.1174 | Recon Loss: 184.4399 | KL: 30.5994
Epoch 56/200:
--------
Negative ELBO: 187.6348 | Recon Loss: 184.8814 | KL: 30.5926
Epoch 57/200:
--------
Negative ELBO: 187.5395 | Recon Loss: 184.7113 | KL: 30.5751
Epoch 58/200:
--------
Negative ELBO: 187.8487 | Recon Loss: 184.9457 | KL: 30.5581
Epoch 59/200:
--------
Negative ELBO: 187.7841 | Recon Loss: 184.8036 | KL: 30.5687
Epoch 60/200:
--------
Negative ELBO: 187.9714 | Recon Loss: 184.9231 | KL: 30.4832
Negative ELBO: 187.6272 | Recon Loss: 184.5856 | KL: 30.4168
Epoch 61/200:
--------
Negative ELBO: 187.9077 | Recon Loss: 184.8632 | KL: 30.4459
Epoch 62/200:
--------
Negative ELBO: 188.0939 | Recon Loss: 185.0542 | KL: 30.3974
Epoch 63/200:
--------
Negative ELBO: 187.8120 | Recon Loss: 184.7666 | KL: 30.4541
Epoch 64/200:
--------
Negative ELBO: 187.9132 | Recon Loss: 184.8731 | KL: 30.4017
Epoch 65/200:
--------
Negative ELBO: 187.9612 | Recon Loss: 184.9231 | KL: 30.3808
Negative ELBO: 187.1957 | Recon Loss: 184.1581 | KL: 30.3758
Epoch 66/200:
--------
Negative ELBO: 187.8484 | Recon Loss: 184.8097 | KL: 30.3877
Epoch 67/200:
--------
Negative ELBO: 187.6695 | Recon Loss: 184.6330 | KL: 30.3654
Epoch 68/200:
--------
Negative ELBO: 187.8025 | Recon Loss: 184.7672 | KL: 30.3530
Epoch 69/200:
--------
Negative ELBO: 187.9373 | Recon Loss: 184.9035 | KL: 30.3377
Epoch 70/200:
--------
Negative ELBO: 187.8963 | Recon Loss: 184.8665 | KL: 30.2985
Negative ELBO: 186.9191 | Recon Loss: 183.8858 | KL: 30.3333
Epoch 71/200:
--------
Negative ELBO: 187.7364 | Recon Loss: 184.7046 | KL: 30.3180
Epoch 72/200:
--------
Negative ELBO: 187.8472 | Recon Loss: 184.8184 | KL: 30.2884
Epoch 73/200:
--------
Negative ELBO: 187.9987 | Recon Loss: 184.9701 | KL: 30.2864
Epoch 74/200:
--------
Negative ELBO: 187.7710 | Recon Loss: 184.7446 | KL: 30.2642
Epoch 75/200:
--------
Negative ELBO: 187.8665 | Recon Loss: 184.8427 | KL: 30.2378
Negative ELBO: 187.0111 | Recon Loss: 183.9839 | KL: 30.2721
Epoch 76/200:
--------
Negative ELBO: 187.8272 | Recon Loss: 184.8045 | KL: 30.2269
Epoch 77/200:
--------
Negative ELBO: 187.7763 | Recon Loss: 184.7512 | KL: 30.2509
Epoch 78/200:
--------
Negative ELBO: 187.8137 | Recon Loss: 184.7906 | KL: 30.2312
Epoch 79/200:
--------
Negative ELBO: 187.9690 | Recon Loss: 184.9500 | KL: 30.1899
Epoch 80/200:
--------
Negative ELBO: 187.8046 | Recon Loss: 184.7866 | KL: 30.1794
Negative ELBO: 187.1381 | Recon Loss: 184.1213 | KL: 30.1671
Epoch 81/200:
--------
Negative ELBO: 187.8990 | Recon Loss: 184.8862 | KL: 30.1277
Epoch 82/200:
--------
Negative ELBO: 187.8793 | Recon Loss: 184.8671 | KL: 30.1227
Epoch 83/200:
--------
Negative ELBO: 187.7653 | Recon Loss: 184.7527 | KL: 30.1266
Epoch 84/200:
--------
Negative ELBO: 187.6744 | Recon Loss: 184.6602 | KL: 30.1416
Epoch 85/200:
--------
Negative ELBO: 187.6956 | Recon Loss: 184.6862 | KL: 30.0935
Negative ELBO: 187.1404 | Recon Loss: 184.1293 | KL: 30.1102
Epoch 86/200:
--------
Negative ELBO: 187.7492 | Recon Loss: 184.7403 | KL: 30.0897
Epoch 87/200:
--------
Negative ELBO: 187.8093 | Recon Loss: 184.8037 | KL: 30.0561
Epoch 88/200:
--------
Negative ELBO: 187.8940 | Recon Loss: 184.8889 | KL: 30.0506
Epoch 89/200:
--------
Negative ELBO: 187.8548 | Recon Loss: 184.8507 | KL: 30.0406
Epoch 90/200:
--------
Negative ELBO: 187.8320 | Recon Loss: 184.8278 | KL: 30.0425
Negative ELBO: 187.1485 | Recon Loss: 184.1405 | KL: 30.0795
Epoch 91/200:
--------
Negative ELBO: 187.7213 | Recon Loss: 184.7199 | KL: 30.0138
Epoch 92/200:
--------
Negative ELBO: 187.7324 | Recon Loss: 184.7330 | KL: 29.9938
Epoch 93/200:
--------
Negative ELBO: 187.6864 | Recon Loss: 184.6898 | KL: 29.9657
Epoch 94/200:
--------
Negative ELBO: 187.9203 | Recon Loss: 184.9249 | KL: 29.9532
Epoch 95/200:
--------
Negative ELBO: 187.9012 | Recon Loss: 184.9061 | KL: 29.9514
Negative ELBO: 187.8507 | Recon Loss: 184.8555 | KL: 29.9520
Epoch 96/200:
--------
Negative ELBO: 187.8019 | Recon Loss: 184.8067 | KL: 29.9510
Epoch 97/200:
--------
Negative ELBO: 187.7409 | Recon Loss: 184.7416 | KL: 29.9929
Epoch 98/200:
--------
Negative ELBO: 187.7878 | Recon Loss: 184.7917 | KL: 29.9608
Epoch 99/200:
--------
Negative ELBO: 187.8721 | Recon Loss: 184.8745 | KL: 29.9757
Epoch 100/200:
--------
Negative ELBO: 187.7353 | Recon Loss: 184.7400 | KL: 29.9533
Negative ELBO: 187.1690 | Recon Loss: 184.1795 | KL: 29.8951
Epoch 101/200:
--------
Negative ELBO: 187.7896 | Recon Loss: 184.7949 | KL: 29.9471
Epoch 102/200:
--------
Negative ELBO: 187.8059 | Recon Loss: 184.8148 | KL: 29.9108
Epoch 103/200:
--------
Negative ELBO: 187.6025 | Recon Loss: 184.6096 | KL: 29.9292
Epoch 104/200:
--------
Negative ELBO: 187.6405 | Recon Loss: 184.6428 | KL: 29.9775
Epoch 105/200:
--------
Negative ELBO: 187.7881 | Recon Loss: 184.7937 | KL: 29.9444
Negative ELBO: 186.8515 | Recon Loss: 183.8489 | KL: 30.0261
Epoch 106/200:
--------
Negative ELBO: 187.6592 | Recon Loss: 184.6637 | KL: 29.9548
Epoch 107/200:
--------
Negative ELBO: 187.8139 | Recon Loss: 184.8218 | KL: 29.9212
Epoch 108/200:
--------
Negative ELBO: 187.6503 | Recon Loss: 184.6568 | KL: 29.9350
Epoch 109/200:
--------
Negative ELBO: 187.5754 | Recon Loss: 184.5850 | KL: 29.9040
Epoch 110/200:
--------
Negative ELBO: 187.7476 | Recon Loss: 184.7625 | KL: 29.8508
Negative ELBO: 187.1775 | Recon Loss: 184.1861 | KL: 29.9145
Epoch 111/200:
--------
Negative ELBO: 187.7217 | Recon Loss: 184.7316 | KL: 29.9008
Epoch 112/200:
--------
Negative ELBO: 187.5844 | Recon Loss: 184.5903 | KL: 29.9413
Epoch 113/200:
--------
Negative ELBO: 187.7558 | Recon Loss: 184.7662 | KL: 29.8967
Epoch 114/200:
--------
Negative ELBO: 187.7686 | Recon Loss: 184.7807 | KL: 29.8788
Epoch 115/200:
--------
Negative ELBO: 187.7683 | Recon Loss: 184.7830 | KL: 29.8528
Negative ELBO: 187.3951 | Recon Loss: 184.4078 | KL: 29.8731
Epoch 116/200:
--------
Negative ELBO: 187.6626 | Recon Loss: 184.6795 | KL: 29.8305
Epoch 117/200:
--------
Negative ELBO: 187.6626 | Recon Loss: 184.6770 | KL: 29.8564
Epoch 118/200:
--------
Negative ELBO: 187.7212 | Recon Loss: 184.7380 | KL: 29.8322
Epoch 119/200:
--------
Negative ELBO: 187.6230 | Recon Loss: 184.6404 | KL: 29.8257
Epoch 120/200:
--------
Negative ELBO: 187.8084 | Recon Loss: 184.8286 | KL: 29.7974
Negative ELBO: 187.2160 | Recon Loss: 184.2406 | KL: 29.7536
Epoch 121/200:
--------
Negative ELBO: 187.6125 | Recon Loss: 184.6334 | KL: 29.7909
Epoch 122/200:
--------
Negative ELBO: 187.6887 | Recon Loss: 184.7133 | KL: 29.7536
Epoch 123/200:
--------
Negative ELBO: 187.6529 | Recon Loss: 184.6706 | KL: 29.8225
Epoch 124/200:
--------
Negative ELBO: 187.7657 | Recon Loss: 184.7897 | KL: 29.7596
Epoch 125/200:
--------
Negative ELBO: 187.7278 | Recon Loss: 184.7521 | KL: 29.7570
Negative ELBO: 186.9363 | Recon Loss: 183.9559 | KL: 29.8049
Epoch 126/200:
--------
Negative ELBO: 187.5974 | Recon Loss: 184.6179 | KL: 29.7951
Epoch 127/200:
--------
Negative ELBO: 187.6911 | Recon Loss: 184.7092 | KL: 29.8194
Epoch 128/200:
--------
Negative ELBO: 187.6458 | Recon Loss: 184.6668 | KL: 29.7895
Epoch 129/200:
--------
Negative ELBO: 187.7515 | Recon Loss: 184.7750 | KL: 29.7646
Epoch 130/200:
--------
Negative ELBO: 187.6721 | Recon Loss: 184.6993 | KL: 29.7282
Negative ELBO: 187.2259 | Recon Loss: 184.2497 | KL: 29.7621
Epoch 131/200:
--------
Negative ELBO: 187.7115 | Recon Loss: 184.7368 | KL: 29.7474
Epoch 132/200:
--------
Negative ELBO: 187.7887 | Recon Loss: 184.8132 | KL: 29.7548
Epoch 133/200:
--------
Negative ELBO: 187.7422 | Recon Loss: 184.7679 | KL: 29.7435
Epoch 134/200:
--------
Negative ELBO: 187.6811 | Recon Loss: 184.7072 | KL: 29.7392
Epoch 135/200:
--------
Negative ELBO: 187.5526 | Recon Loss: 184.5810 | KL: 29.7162
Negative ELBO: 187.0101 | Recon Loss: 184.0375 | KL: 29.7265
Epoch 136/200:
--------
Negative ELBO: 187.7971 | Recon Loss: 184.8255 | KL: 29.7154
Epoch 137/200:
--------
Negative ELBO: 187.7456 | Recon Loss: 184.7753 | KL: 29.7030
Epoch 138/200:
--------
Negative ELBO: 187.6991 | Recon Loss: 184.7256 | KL: 29.7355
Epoch 139/200:
--------
Negative ELBO: 187.6677 | Recon Loss: 184.6992 | KL: 29.6856
Epoch 140/200:
--------
Negative ELBO: 187.5598 | Recon Loss: 184.5925 | KL: 29.6734
Negative ELBO: 187.4442 | Recon Loss: 184.4719 | KL: 29.7230
Epoch 141/200:
--------
Negative ELBO: 187.7226 | Recon Loss: 184.7512 | KL: 29.7143
Epoch 142/200:
--------
Negative ELBO: 187.7632 | Recon Loss: 184.7962 | KL: 29.6699
Epoch 143/200:
--------
Negative ELBO: 187.7223 | Recon Loss: 184.7520 | KL: 29.7027
Epoch 144/200:
--------
Negative ELBO: 187.6115 | Recon Loss: 184.6424 | KL: 29.6916
Epoch 145/200:
--------
Negative ELBO: 187.7714 | Recon Loss: 184.8049 | KL: 29.6647
Negative ELBO: 187.2242 | Recon Loss: 184.2550 | KL: 29.6920
Epoch 146/200:
--------
Negative ELBO: 187.6884 | Recon Loss: 184.7195 | KL: 29.6881
Epoch 147/200:
--------
Negative ELBO: 187.5431 | Recon Loss: 184.5746 | KL: 29.6852
Epoch 148/200:
--------
Negative ELBO: 187.4920 | Recon Loss: 184.5216 | KL: 29.7040
Epoch 149/200:
--------
Negative ELBO: 187.4459 | Recon Loss: 184.4746 | KL: 29.7124
Epoch 150/200:
--------
Negative ELBO: 187.6727 | Recon Loss: 184.7050 | KL: 29.6777
Negative ELBO: 186.9425 | Recon Loss: 183.9637 | KL: 29.7873
Epoch 151/200:
--------
Negative ELBO: 187.6607 | Recon Loss: 184.6932 | KL: 29.6754
Epoch 152/200:
--------
Negative ELBO: 187.5956 | Recon Loss: 184.6293 | KL: 29.6626
Epoch 153/200:
--------
Negative ELBO: 187.7215 | Recon Loss: 184.7574 | KL: 29.6418
Epoch 154/200:
--------
Negative ELBO: 187.5266 | Recon Loss: 184.5607 | KL: 29.6592
Epoch 155/200:
--------
Negative ELBO: 187.4000 | Recon Loss: 184.4348 | KL: 29.6512
Negative ELBO: 186.9685 | Recon Loss: 183.9940 | KL: 29.7449
Epoch 156/200:
--------
Negative ELBO: 187.6343 | Recon Loss: 184.6718 | KL: 29.6254
Epoch 157/200:
--------
Negative ELBO: 187.5316 | Recon Loss: 184.5671 | KL: 29.6451
Epoch 158/200:
--------
Negative ELBO: 187.6602 | Recon Loss: 184.6976 | KL: 29.6259
Epoch 159/200:
--------
Negative ELBO: 187.4998 | Recon Loss: 184.5349 | KL: 29.6492
Epoch 160/200:
--------
Negative ELBO: 187.5559 | Recon Loss: 184.5937 | KL: 29.6221
Negative ELBO: 187.2246 | Recon Loss: 184.2551 | KL: 29.6945
Epoch 161/200:
--------
Negative ELBO: 187.5263 | Recon Loss: 184.5635 | KL: 29.6278
Epoch 162/200:
--------
Negative ELBO: 187.6149 | Recon Loss: 184.6552 | KL: 29.5973
Epoch 163/200:
--------
Negative ELBO: 187.5641 | Recon Loss: 184.6046 | KL: 29.5958
Epoch 164/200:
--------
Negative ELBO: 187.5259 | Recon Loss: 184.5650 | KL: 29.6092
Epoch 165/200:
--------
Negative ELBO: 187.5725 | Recon Loss: 184.6115 | KL: 29.6097
Negative ELBO: 186.6313 | Recon Loss: 183.6668 | KL: 29.6452
Epoch 166/200:
--------
Negative ELBO: 187.5815 | Recon Loss: 184.6184 | KL: 29.6311
Epoch 167/200:
--------
Negative ELBO: 187.5718 | Recon Loss: 184.6117 | KL: 29.6006
Epoch 168/200:
--------
Negative ELBO: 187.5019 | Recon Loss: 184.5441 | KL: 29.5777
Epoch 169/200:
--------
Negative ELBO: 187.3816 | Recon Loss: 184.4216 | KL: 29.6003
Epoch 170/200:
--------
Negative ELBO: 187.7424 | Recon Loss: 184.7813 | KL: 29.6110
Negative ELBO: 187.0729 | Recon Loss: 184.1075 | KL: 29.6533
Epoch 171/200:
--------
Negative ELBO: 187.5997 | Recon Loss: 184.6377 | KL: 29.6195
Epoch 172/200:
--------
Negative ELBO: 187.6296 | Recon Loss: 184.6666 | KL: 29.6303
Epoch 173/200:
--------
Negative ELBO: 187.6007 | Recon Loss: 184.6415 | KL: 29.5920
Epoch 174/200:
--------
Negative ELBO: 187.4580 | Recon Loss: 184.4962 | KL: 29.6178
Epoch 175/200:
--------
Negative ELBO: 187.5459 | Recon Loss: 184.5872 | KL: 29.5872
Negative ELBO: 187.2246 | Recon Loss: 184.2588 | KL: 29.6576
Epoch 176/200:
--------
Negative ELBO: 187.7010 | Recon Loss: 184.7451 | KL: 29.5590
Epoch 177/200:
--------
Negative ELBO: 187.4194 | Recon Loss: 184.4606 | KL: 29.5874
Epoch 178/200:
--------
Negative ELBO: 187.5480 | Recon Loss: 184.5916 | KL: 29.5636
Epoch 179/200:
--------
Negative ELBO: 187.6060 | Recon Loss: 184.6467 | KL: 29.5928
Epoch 180/200:
--------
Negative ELBO: 187.6167 | Recon Loss: 184.6581 | KL: 29.5854
Negative ELBO: 187.1701 | Recon Loss: 184.2052 | KL: 29.6484
Epoch 181/200:
--------
Negative ELBO: 187.7600 | Recon Loss: 184.8031 | KL: 29.5687
Epoch 182/200:
--------
Negative ELBO: 187.5284 | Recon Loss: 184.5745 | KL: 29.5397
Epoch 183/200:
--------
Negative ELBO: 187.6397 | Recon Loss: 184.6892 | KL: 29.5051
Epoch 184/200:
--------
Negative ELBO: 187.4724 | Recon Loss: 184.5180 | KL: 29.5443
Epoch 185/200:
--------
Negative ELBO: 187.5682 | Recon Loss: 184.6113 | KL: 29.5686
Negative ELBO: 187.2082 | Recon Loss: 184.2436 | KL: 29.6461
Epoch 186/200:
--------
Negative ELBO: 187.5648 | Recon Loss: 184.6078 | KL: 29.5702
Epoch 187/200:
--------
Negative ELBO: 187.6002 | Recon Loss: 184.6433 | KL: 29.5691
Epoch 188/200:
--------
Negative ELBO: 187.5844 | Recon Loss: 184.6285 | KL: 29.5590
Epoch 189/200:
--------
Negative ELBO: 187.3790 | Recon Loss: 184.4236 | KL: 29.5537
Epoch 190/200:
--------
Negative ELBO: 187.4527 | Recon Loss: 184.4998 | KL: 29.5291
Negative ELBO: 186.6979 | Recon Loss: 183.7375 | KL: 29.6040
Epoch 191/200:
--------
Negative ELBO: 187.6313 | Recon Loss: 184.6808 | KL: 29.5055
Epoch 192/200:
--------
Negative ELBO: 187.6484 | Recon Loss: 184.6978 | KL: 29.5057
Epoch 193/200:
--------
Negative ELBO: 187.6819 | Recon Loss: 184.7311 | KL: 29.5083
Epoch 194/200:
--------
Negative ELBO: 187.3293 | Recon Loss: 184.3776 | KL: 29.5171
Epoch 195/200:
--------
Negative ELBO: 187.3806 | Recon Loss: 184.4305 | KL: 29.5007
Negative ELBO: 187.0773 | Recon Loss: 184.1151 | KL: 29.6220
Epoch 196/200:
--------
Negative ELBO: 187.4434 | Recon Loss: 184.4934 | KL: 29.5004
Epoch 197/200:
--------
Negative ELBO: 187.2832 | Recon Loss: 184.3322 | KL: 29.5099
Epoch 198/200:
--------
Negative ELBO: 187.4886 | Recon Loss: 184.5394 | KL: 29.4922
Epoch 199/200:
--------
Negative ELBO: 187.5948 | Recon Loss: 184.6465 | KL: 29.4827
<IPython.core.display.Image object>
[2K[2K-------------
Test Results:
Negative ELBO: 186.7987 | Recon Loss: 183.8421 | KL: 29.5660
Estimated NLL (Monte Carlo, K=500): 200.3965
Traceback (most recent call last):
  File "/zhome/7f/5/168608/CCVAE/GMVAE/CCVAE_new_script.py", line 696, in <module>
    generate_plots(model, test_loader)
  File "/zhome/7f/5/168608/CCVAE/GMVAE/CCVAE_new_script.py", line 655, in generate_plots
    plt.savefig(f"plots/cc_{model.latent_dim}_tSNE.svg", format="svg", bbox_inches='tight')
  File "/zhome/7f/5/168608/DLenv/lib64/python3.9/site-packages/matplotlib/pyplot.py", line 1228, in savefig
    res = fig.savefig(*args, **kwargs)  # type: ignore[func-returns-value]
  File "/zhome/7f/5/168608/DLenv/lib64/python3.9/site-packages/matplotlib/figure.py", line 3395, in savefig
    self.canvas.print_figure(fname, **kwargs)
  File "/zhome/7f/5/168608/DLenv/lib64/python3.9/site-packages/matplotlib/backend_bases.py", line 2204, in print_figure
    result = print_method(
  File "/zhome/7f/5/168608/DLenv/lib64/python3.9/site-packages/matplotlib/backend_bases.py", line 2054, in <lambda>
    print_method = functools.wraps(meth)(lambda *args, **kwargs: meth(
  File "/zhome/7f/5/168608/DLenv/lib64/python3.9/site-packages/matplotlib/backends/backend_svg.py", line 1328, in print_svg
    with cbook.open_file_cm(filename, "w", encoding="utf-8") as fh:
  File "/zhome/7f/5/168608/DLenv/lib64/python3.9/site-packages/matplotlib/cbook.py", line 497, in open_file_cm
    fh, opened = to_filehandle(path_or_file, mode, True, encoding)
  File "/zhome/7f/5/168608/DLenv/lib64/python3.9/site-packages/matplotlib/cbook.py", line 483, in to_filehandle
    fh = open(fname, flag, encoding=encoding)
FileNotFoundError: [Errno 2] No such file or directory: 'plots/cc_10_tSNE.svg'
